Archive member included to satisfy reference by file (symbol)

C:/QMK_MSYS/opt/qmk/bin/../lib/gcc/arm-none-eabi/15.2.0/thumb/v6-m/nofp\libgcc.a(_thumb1_case_sqi.o)
                              .build/obj_selpad_fig5/quantum/keycode_config.o (__gnu_thumb1_case_sqi)
C:/QMK_MSYS/opt/qmk/bin/../lib/gcc/arm-none-eabi/15.2.0/thumb/v6-m/nofp\libgcc.a(_thumb1_case_uqi.o)
                              .build/obj_selpad_fig5/quantum/action.o (__gnu_thumb1_case_uqi)
C:/QMK_MSYS/opt/qmk/bin/../lib/gcc/arm-none-eabi/15.2.0/thumb/v6-m/nofp\libgcc.a(_thumb1_case_shi.o)
                              .build/obj_selpad_fig5/lib/chibios/os/hal/lib/streams/chprintf.o (__gnu_thumb1_case_shi)
C:/QMK_MSYS/opt/qmk/bin/../lib/gcc/arm-none-eabi/15.2.0/thumb/v6-m/nofp\libgcc.a(_thumb1_case_uhi.o)
                              .build/obj_selpad_fig5/quantum/action.o (__gnu_thumb1_case_uhi)
C:/QMK_MSYS/opt/qmk/bin/../lib/gcc/arm-none-eabi/15.2.0/thumb/v6-m/nofp\libgcc.a(_dvmd_tls.o)
                              .build/obj_selpad_fig5/./lib/pico-sdk/src/rp2_common/pico_divider/divider.o (__aeabi_idiv0)
C:/QMK_MSYS/opt/qmk/bin/../lib/gcc/arm-none-eabi/15.2.0/thumb/v6-m/nofp\libgcc.a(_ctzsi2.o)
                              .build/obj_selpad_fig5/./lib/pico-sdk/src/rp2_common/hardware_pio/pio.o (__ctzsi2)
C:/QMK_MSYS/opt/qmk/bin/../lib/gcc/arm-none-eabi/15.2.0/../../../../arm-none-eabi/lib/thumb/v6-m/nofp\libc_nano.a(libc_a-abort.o)
                              .build/obj_selpad_fig5/lib/chibios/os/various/newlib_bindings/syscalls.o (abort)
C:/QMK_MSYS/opt/qmk/bin/../lib/gcc/arm-none-eabi/15.2.0/../../../../arm-none-eabi/lib/thumb/v6-m/nofp\libc_nano.a(libc_a-rand.o)
                              .build/obj_selpad_fig5/quantum/send_string/send_string.o (rand)
C:/QMK_MSYS/opt/qmk/bin/../lib/gcc/arm-none-eabi/15.2.0/../../../../arm-none-eabi/lib/thumb/v6-m/nofp\libc_nano.a(libc_a-ctype_.o)
                              .build/obj_selpad_fig5/quantum/send_string/send_string.o (_ctype_)
C:/QMK_MSYS/opt/qmk/bin/../lib/gcc/arm-none-eabi/15.2.0/../../../../arm-none-eabi/lib/thumb/v6-m/nofp\libc_nano.a(libc_a-memcmp.o)
                              .build/obj_selpad_fig5/quantum/action_util.o (memcmp)
C:/QMK_MSYS/opt/qmk/bin/../lib/gcc/arm-none-eabi/15.2.0/../../../../arm-none-eabi/lib/thumb/v6-m/nofp\libc_nano.a(libc_a-memset.o)
                              .build/obj_selpad_fig5/quantum/action_tapping.o (memset)
C:/QMK_MSYS/opt/qmk/bin/../lib/gcc/arm-none-eabi/15.2.0/../../../../arm-none-eabi/lib/thumb/v6-m/nofp\libc_nano.a(libc_a-signal.o)
                              C:/QMK_MSYS/opt/qmk/bin/../lib/gcc/arm-none-eabi/15.2.0/../../../../arm-none-eabi/lib/thumb/v6-m/nofp\libc_nano.a(libc_a-abort.o) (raise)
C:/QMK_MSYS/opt/qmk/bin/../lib/gcc/arm-none-eabi/15.2.0/../../../../arm-none-eabi/lib/thumb/v6-m/nofp\libc_nano.a(libc_a-impure.o)
                              C:/QMK_MSYS/opt/qmk/bin/../lib/gcc/arm-none-eabi/15.2.0/../../../../arm-none-eabi/lib/thumb/v6-m/nofp\libc_nano.a(libc_a-rand.o) (_impure_ptr)
C:/QMK_MSYS/opt/qmk/bin/../lib/gcc/arm-none-eabi/15.2.0/../../../../arm-none-eabi/lib/thumb/v6-m/nofp\libc_nano.a(libc_a-signalr.o)
                              C:/QMK_MSYS/opt/qmk/bin/../lib/gcc/arm-none-eabi/15.2.0/../../../../arm-none-eabi/lib/thumb/v6-m/nofp\libc_nano.a(libc_a-signal.o) (_kill_r)
C:/QMK_MSYS/opt/qmk/bin/../lib/gcc/arm-none-eabi/15.2.0/../../../../arm-none-eabi/lib/thumb/v6-m/nofp\libc_nano.a(libc_a-errno.o)
                              .build/obj_selpad_fig5/platforms/chibios/syscall-fallbacks.o (__errno)
C:/QMK_MSYS/opt/qmk/bin/../lib/gcc/arm-none-eabi/15.2.0/../../../../arm-none-eabi/lib/thumb/v6-m/nofp\libc_nano.a(libc_a-memcpy-stub.o)
                              .build/obj_selpad_fig5/quantum/action_tapping.o (memcpy)
C:/QMK_MSYS/opt/qmk/bin/../lib/gcc/arm-none-eabi/15.2.0/../../../../arm-none-eabi/lib/thumb/v6-m/nofp\libc_nano.a(libc_a-assert.o)
                              C:/QMK_MSYS/opt/qmk/bin/../lib/gcc/arm-none-eabi/15.2.0/../../../../arm-none-eabi/lib/thumb/v6-m/nofp\libc_nano.a(libc_a-rand.o) (__assert_func)
C:/QMK_MSYS/opt/qmk/bin/../lib/gcc/arm-none-eabi/15.2.0/../../../../arm-none-eabi/lib/thumb/v6-m/nofp\libc_nano.a(libc_a-malloc.o)
                              C:/QMK_MSYS/opt/qmk/bin/../lib/gcc/arm-none-eabi/15.2.0/../../../../arm-none-eabi/lib/thumb/v6-m/nofp\libc_nano.a(libc_a-rand.o) (malloc)
C:/QMK_MSYS/opt/qmk/bin/../lib/gcc/arm-none-eabi/15.2.0/../../../../arm-none-eabi/lib/thumb/v6-m/nofp\libc_nano.a(libc_a-mallocr.o)
                              C:/QMK_MSYS/opt/qmk/bin/../lib/gcc/arm-none-eabi/15.2.0/../../../../arm-none-eabi/lib/thumb/v6-m/nofp\libc_nano.a(libc_a-signal.o) (_malloc_r)
C:/QMK_MSYS/opt/qmk/bin/../lib/gcc/arm-none-eabi/15.2.0/../../../../arm-none-eabi/lib/thumb/v6-m/nofp\libc_nano.a(libc_a-mlock.o)
[...]
Memory Configuration

Name             Origin             Length             Attributes
flash0           0x00000000         0x00004000         xr
flash1           0x10000000         0x00200000         xr
flash2           0x00000000         0x00000000         xr
flash3           0x00000000         0x00000000         xr
flash4           0x00000000         0x00000000         xr
flash5           0x00000000         0x00000000         xr
flash6           0x00000000         0x00000000         xr
flash7           0x00000000         0x00000000         xr
ram0             0x20000000         0x00040000         xw
ram1             0x00000000         0x00040000         xw
ram2             0x00000000         0x00000000         xw
ram3             0x00000000         0x00000000         xw
ram4             0x20040000         0x00001000         xw
ram5             0x20041000         0x00001000         xw
ram6             0x00000000         0x00000000         xw
ram7             0x20041f00         0x00000100         xw
*default*        0x00000000         0xffffffff

Linker script and memory map

LOAD .build/obj_selpad_fig5/.build/obj_selpad_fig5/src/default_keyboard.o
LOAD .build/obj_selpad_fig5/quantum/keymap_introspection.o
LOAD .build/obj_selpad_fig5/quantum/quantum.o
LOAD .build/obj_selpad_fig5/quantum/bitwise.o
LOAD .build/obj_selpad_fig5/quantum/led.o
LOAD .build/obj_selpad_fig5/quantum/action.o
LOAD .build/obj_selpad_fig5/quantum/action_layer.o
LOAD .build/obj_selpad_fig5/quantum/action_tapping.o
LOAD .build/obj_selpad_fig5/quantum/action_util.o
LOAD .build/obj_selpad_fig5/quantum/eeconfig.o
LOAD .build/obj_selpad_fig5/quantum/keyboard.o
LOAD .build/obj_selpad_fig5/quantum/keymap_common.o
LOAD .build/obj_selpad_fig5/quantum/keycode_config.o
LOAD .build/obj_selpad_fig5/quantum/sync_timer.o
LOAD .build/obj_selpad_fig5/quantum/logging/debug.o
LOAD .build/obj_selpad_fig5/quantum/logging/sendchar.o
LOAD .build/obj_selpad_fig5/quantum/process_keycode/process_default_layer.o
LOAD .build/obj_selpad_fig5/quantum/process_keycode/process_oneshot.o
LOAD .build/obj_selpad_fig5/quantum/process_keycode/process_quantum.o
LOAD .build/obj_selpad_fig5/nvm_eeconfig.o
LOAD .build/obj_selpad_fig5/quantum/logging/print.o
LOAD .build/obj_selpad_fig5/quantum/matrix_common.o
LOAD .build/obj_selpad_fig5/quantum/matrix.o
LOAD .build/obj_selpad_fig5/quantum/debounce/sym_defer_g.o
LOAD .build/obj_selpad_fig5/quantum/main.o
LOAD .build/obj_selpad_fig5/printf.o
LOAD .build/obj_selpad_fig5/eeprom_driver.o
LOAD .build/obj_selpad_fig5/eeprom_wear_leveling.o
LOAD .build/obj_selpad_fig5/wear_leveling.o
LOAD .build/obj_selpad_fig5/wear_leveling_rp2040_flash.o
LOAD .build/obj_selpad_fig5/qmk_fnv_type_validation.o
LOAD .build/obj_selpad_fig5/hash_32a.o
LOAD .build/obj_selpad_fig5/hash_64a.o
LOAD .build/obj_selpad_fig5/quantum/process_keycode/process_grave_esc.o
LOAD .build/obj_selpad_fig5/quantum/process_keycode/process_magic.o
LOAD .build/obj_selpad_fig5/quantum/mousekey.o
LOAD .build/obj_selpad_fig5/quantum/send_string/send_string.o
LOAD .build/obj_selpad_fig5/quantum/process_keycode/process_space_cadet.o
LOAD .build/obj_selpad_fig5/protocol/host.o
LOAD .build/obj_selpad_fig5/protocol/report.o
LOAD .build/obj_selpad_fig5/protocol/usb_device_state.o
LOAD .build/obj_selpad_fig5/protocol/usb_util.o
LOAD .build/obj_selpad_fig5/platforms/suspend.o
LOAD .build/obj_selpad_fig5/platforms/synchronization_util.o
LOAD .build/obj_selpad_fig5/platforms/timer.o
LOAD .build/obj_selpad_fig5/platforms/chibios/hardware_id.o
LOAD .build/obj_selpad_fig5/platforms/chibios/platform.o
LOAD .build/obj_selpad_fig5/platforms/chibios/suspend.o
LOAD .build/obj_selpad_fig5/platforms/chibios/timer.o
LOAD .build/obj_selpad_fig5/platforms/chibios/bootloaders/rp2040.o
LOAD .build/obj_selpad_fig5/./lib/chibios/os/common/startup/ARMCMx/compilers/GCC/crt0_v6m.o
LOAD .build/obj_selpad_fig5/./lib/chibios/os/common/startup/ARMCMx/compilers/GCC/vectors.o
LOAD .build/obj_selpad_fig5/./lib/chibios/os/common/ports/ARMv6-M-RP2/compilers/GCC/chcoreasm.o
LOAD .build/obj_selpad_fig5/protocol/chibios/usb_main.o
LOAD .build/obj_selpad_fig5/protocol/chibios/chibios.o
LOAD .build/obj_selpad_fig5/usb_descriptor.o
LOAD .build/obj_selpad_fig5/protocol/chibios/usb_driver.o
LOAD .build/obj_selpad_fig5/protocol/chibios/usb_endpoints.o
LOAD .build/obj_selpad_fig5/protocol/chibios/usb_report_handling.o
LOAD .build/obj_selpad_fig5/protocol/chibios/usb_util.o
LOAD .build/obj_selpad_fig5/lib/chibios/os/common/startup/ARMCMx/compilers/GCC/crt1.o
LOAD .build/obj_selpad_fig5/lib/chibios/os/rt/src/chsys.o
LOAD .build/obj_selpad_fig5/lib/chibios/os/rt/src/chrfcu.o
LOAD .build/obj_selpad_fig5/lib/chibios/os/rt/src/chdebug.o
LOAD .build/obj_selpad_fig5/lib/chibios/os/rt/src/chtrace.o
LOAD .build/obj_selpad_fig5/lib/chibios/os/rt/src/chvt.o
LOAD .build/obj_selpad_fig5/lib/chibios/os/rt/src/chschd.o
LOAD .build/obj_selpad_fig5/lib/chibios/os/rt/src/chinstances.o
LOAD .build/obj_selpad_fig5/lib/chibios/os/rt/src/chthreads.o
LOAD .build/obj_selpad_fig5/lib/chibios/os/rt/src/chtm.o
LOAD .build/obj_selpad_fig5/lib/chibios/os/rt/src/chstats.o
LOAD .build/obj_selpad_fig5/lib/chibios/os/rt/src/chregistry.o
LOAD .build/obj_selpad_fig5/lib/chibios/os/rt/src/chsem.o
LOAD .build/obj_selpad_fig5/lib/chibios/os/rt/src/chmtx.o
LOAD .build/obj_selpad_fig5/lib/chibios/os/rt/src/chcond.o
LOAD .build/obj_selpad_fig5/lib/chibios/os/rt/src/chevents.o
LOAD .build/obj_selpad_fig5/lib/chibios/os/rt/src/chmsg.o
LOAD .build/obj_selpad_fig5/lib/chibios/os/rt/src/chdynamic.o
LOAD .build/obj_selpad_fig5/lib/chibios/os/common/ports/ARMv6-M-RP2/chcore.o
LOAD .build/obj_selpad_fig5/lib/chibios/os/hal/osal/rt-nil/osal.o
LOAD .build/obj_selpad_fig5/lib/chibios/os/oslib/src/chmboxes.o
LOAD .build/obj_selpad_fig5/lib/chibios/os/oslib/src/chmemcore.o
LOAD .build/obj_selpad_fig5/lib/chibios/os/oslib/src/chmemheaps.o
LOAD .build/obj_selpad_fig5/lib/chibios/os/oslib/src/chmempools.o
LOAD .build/obj_selpad_fig5/lib/chibios/os/oslib/src/chpipes.o
LOAD .build/obj_selpad_fig5/lib/chibios/os/oslib/src/chobjcaches.o
LOAD .build/obj_selpad_fig5/lib/chibios/os/oslib/src/chdelegates.o
LOAD .build/obj_selpad_fig5/lib/chibios/os/oslib/src/chfactory.o
LOAD .build/obj_selpad_fig5/lib/chibios/os/hal/src/hal.o
LOAD .build/obj_selpad_fig5/lib/chibios/os/hal/src/hal_safety.o
LOAD .build/obj_selpad_fig5/lib/chibios/os/hal/src/hal_st.o
LOAD .build/obj_selpad_fig5/lib/chibios/os/hal/src/hal_buffers.o
LOAD .build/obj_selpad_fig5/lib/chibios/os/hal/src/hal_queues.o
LOAD .build/obj_selpad_fig5/lib/chibios/os/hal/src/hal_mmcsd.o
LOAD .build/obj_selpad_fig5/lib/chibios/os/hal/src/hal_adc.o
LOAD .build/obj_selpad_fig5/lib/chibios/os/hal/src/hal_can.o
LOAD .build/obj_selpad_fig5/lib/chibios/os/hal/src/hal_crypto.o
LOAD .build/obj_selpad_fig5/lib/chibios/os/hal/src/hal_dac.o
LOAD .build/obj_selpad_fig5/lib/chibios/os/hal/src/hal_efl.o
LOAD .build/obj_selpad_fig5/lib/chibios/os/hal/src/hal_gpt.o
LOAD .build/obj_selpad_fig5/lib/chibios/os/hal/src/hal_i2c.o
LOAD .build/obj_selpad_fig5/lib/chibios/os/hal/src/hal_i2s.o
LOAD .build/obj_selpad_fig5/lib/chibios/os/hal/src/hal_icu.o
LOAD .build/obj_selpad_fig5/lib/chibios/os/hal/src/hal_mac.o
LOAD .build/obj_selpad_fig5/lib/chibios/os/hal/src/hal_mmc_spi.o
LOAD .build/obj_selpad_fig5/lib/chibios/os/hal/src/hal_pal.o
LOAD .build/obj_selpad_fig5/lib/chibios/os/hal/src/hal_pwm.o
LOAD .build/obj_selpad_fig5/lib/chibios/os/hal/src/hal_rtc.o
LOAD .build/obj_selpad_fig5/lib/chibios/os/hal/src/hal_sdc.o
LOAD .build/obj_selpad_fig5/lib/chibios/os/hal/src/hal_serial.o
LOAD .build/obj_selpad_fig5/lib/chibios/os/hal/src/hal_serial_usb.o
LOAD .build/obj_selpad_fig5/lib/chibios/os/hal/src/hal_sio.o
LOAD .build/obj_selpad_fig5/lib/chibios/os/hal/src/hal_spi.o
LOAD .build/obj_selpad_fig5/lib/chibios/os/hal/src/hal_trng.o
LOAD .build/obj_selpad_fig5/lib/chibios/os/hal/src/hal_uart.o
LOAD .build/obj_selpad_fig5/lib/chibios/os/hal/src/hal_usb.o
LOAD .build/obj_selpad_fig5/lib/chibios/os/hal/src/hal_wdg.o
LOAD .build/obj_selpad_fig5/lib/chibios/os/hal/src/hal_wspi.o
LOAD .build/obj_selpad_fig5/lib/chibios/os/hal/src/hal_flash.o
LOAD .build/obj_selpad_fig5/lib/chibios/os/hal/ports/common/ARMCMx/nvic.o
LOAD .build/obj_selpad_fig5/lib/chibios/os/hal/ports/RP/RP2040/rp_isr.o
LOAD .build/obj_selpad_fig5/lib/chibios/os/hal/ports/RP/RP2040/hal_lld.o
LOAD .build/obj_selpad_fig5/lib/chibios/os/hal/ports/RP/LLD/DMAv1/rp_dma.o
LOAD .build/obj_selpad_fig5/lib/chibios/os/hal/ports/RP/LLD/GPIOv1/hal_pal_lld.o
LOAD .build/obj_selpad_fig5/lib/chibios/os/hal/ports/RP/LLD/SPIv1/hal_spi_lld.o
LOAD .build/obj_selpad_fig5/lib/chibios/os/hal/ports/RP/LLD/TIMERv1/hal_st_lld.o
LOAD .build/obj_selpad_fig5/lib/chibios/os/hal/ports/RP/LLD/UARTv1/hal_sio_lld.o
LOAD .build/obj_selpad_fig5/lib/chibios/os/hal/ports/RP/LLD/RTCv1/hal_rtc_lld.o
LOAD .build/obj_selpad_fig5/lib/chibios/os/hal/ports/RP/LLD/WDGv1/hal_wdg_lld.o
LOAD .build/obj_selpad_fig5/lib/chibios-contrib/os/hal/ports/RP/LLD/I2Cv1/hal_i2c_lld.o
LOAD .build/obj_selpad_fig5/lib/chibios-contrib/os/hal/ports/RP/LLD/PWMv1/hal_pwm_lld.o
LOAD .build/obj_selpad_fig5/lib/chibios-contrib/os/hal/ports/RP/LLD/ADCv1/hal_adc_lld.o
LOAD .build/obj_selpad_fig5/lib/chibios-contrib/os/hal/ports/RP/LLD/USBDv1/hal_usb_lld.o
LOAD .build/obj_selpad_fig5/lib/chibios/os/hal/boards/RP_PICO_RP2040/board.o
LOAD .build/obj_selpad_fig5/lib/chibios/os/hal/lib/streams/chprintf.o
LOAD .build/obj_selpad_fig5/lib/chibios/os/hal/lib/streams/chscanf.o
LOAD .build/obj_selpad_fig5/lib/chibios/os/hal/lib/streams/memstreams.o
LOAD .build/obj_selpad_fig5/lib/chibios/os/hal/lib/streams/nullstreams.o
LOAD .build/obj_selpad_fig5/lib/chibios/os/hal/lib/streams/bufstreams.o
LOAD .build/obj_selpad_fig5/lib/chibios/os/various/newlib_bindings/syscalls.o
LOAD .build/obj_selpad_fig5/platforms/chibios/syscall-fallbacks.o
LOAD .build/obj_selpad_fig5/platforms/chibios/wait.o
LOAD .build/obj_selpad_fig5/platforms/chibios/synchronization_util.o
LOAD .build/obj_selpad_fig5/platforms/chibios/interrupt_handlers.o
LOAD .build/obj_selpad_fig5/./lib/pico-sdk/src/rp2_common/hardware_clocks/clocks.o
LOAD .build/obj_selpad_fig5/./lib/pico-sdk/src/rp2_common/hardware_pll/pll.o
LOAD .build/obj_selpad_fig5/./lib/pico-sdk/src/rp2_common/hardware_pio/pio.o
LOAD .build/obj_selpad_fig5/./lib/pico-sdk/src/rp2_common/hardware_timer/timer.o
LOAD .build/obj_selpad_fig5/./lib/pico-sdk/src/rp2_common/hardware_flash/flash.o
LOAD .build/obj_selpad_fig5/./lib/pico-sdk/src/rp2_common/hardware_gpio/gpio.o
LOAD .build/obj_selpad_fig5/./lib/pico-sdk/src/rp2_common/hardware_claim/claim.o
LOAD .build/obj_selpad_fig5/./lib/pico-sdk/src/rp2_common/hardware_watchdog/watchdog.o
LOAD .build/obj_selpad_fig5/./lib/pico-sdk/src/rp2_common/hardware_xosc/xosc.o
LOAD .build/obj_selpad_fig5/./lib/pico-sdk/src/rp2_common/pico_bootrom/bootrom.o
LOAD .build/obj_selpad_fig5/platforms/chibios/vendors/RP/stage2_bootloaders.o
LOAD .build/obj_selpad_fig5/platforms/chibios/vendors/RP/pico_sdk_shims.o
LOAD .build/obj_selpad_fig5/./lib/pico-sdk/src/rp2_common/pico_divider/divider.o
LOAD .build/obj_selpad_fig5/./lib/pico-sdk/src/rp2_common/pico_int64_ops/pico_int64_ops_aeabi.o
                0x00000800                        __process_stack_size__ = 0x800
                0x00000400                        __main_stack_size__ = 0x400
LOAD C:/QMK_MSYS/opt/qmk/bin/../lib/gcc/arm-none-eabi/15.2.0/../../../../arm-none-eabi/lib/thumb/v6-m/nofp\libm_nano.a
START GROUP
LOAD C:/QMK_MSYS/opt/qmk/bin/../lib/gcc/arm-none-eabi/15.2.0/thumb/v6-m/nofp\libgcc.a
LOAD C:/QMK_MSYS/opt/qmk/bin/../lib/gcc/arm-none-eabi/15.2.0/../../../../arm-none-eabi/lib/thumb/v6-m/nofp\libc_nano.a
END GROUP
START GROUP
LOAD C:/QMK_MSYS/opt/qmk/bin/../lib/gcc/arm-none-eabi/15.2.0/thumb/v6-m/nofp\libgcc.a
LOAD C:/QMK_MSYS/opt/qmk/bin/../lib/gcc/arm-none-eabi/15.2.0/../../../../arm-none-eabi/lib/thumb/v6-m/nofp\libc_nano.a
END GROUP

.flash_begin    0x10000000        0x0
                0x10000000                        __flash_binary_start = .

.boot2          0x10000000      0x100
                0x10000000                        __boot2_start__ = .
 *(.boot2)
 .boot2         0x10000000      0x100 .build/obj_selpad_fig5/platforms/chibios/vendors/RP/stage2_bootloaders.o
                0x10000000                BOOT2_ROM
                0x10000100                        __boot2_end__ = .

.mstack         0x20040000      0x400
                0x20040000                        . = ALIGN (0x8)
                0x20040000                        __main_stack_base__ = .
                0x20040400                        . = (. + __main_stack_size__)
 *fill*         0x20040000      0x400 
                0x20040400                        . = ALIGN (0x8)
                0x20040400                        __main_stack_end__ = .

.pstack         0x20040400      0x800
                0x20040400                        . = ALIGN (0x8)
                0x20040400                        __process_stack_base__ = .
                0x20040400                        __main_thread_stack_base__ = .
                0x20040c00                        . = (. + __process_stack_size__)
 *fill*         0x20040400      0x800 
                0x20040c00                        . = ALIGN (0x8)
                0x20040c00                        __process_stack_end__ = .
                0x20040c00                        __main_thread_stack_end__ = .
                0x00000400                        __c1_main_stack_size__ = __main_stack_size__
                0x00000800                        __c1_process_stack_size__ = __process_stack_size__

.c1_mstack      0x20041000      0x400
                0x20041000                        . = ALIGN (0x8)
                0x20041000                        __c1_main_stack_base__ = .
                0x20041400                        . = (. + __c1_main_stack_size__)
 *fill*         0x20041000      0x400 
                0x20041400                        . = ALIGN (0x8)
                0x20041400                        __c1_main_stack_end__ = .

.c1_pstack      0x20041400      0x800
                0x20041400                        . = ALIGN (0x8)
                0x20041400                        __c1_process_stack_base__ = .
                0x20041400                        __c1_main_thread_stack_base__ = .
                0x20041c00                        . = (. + __c1_process_stack_size__)
 *fill*         0x20041400      0x800 
                0x20041c00                        . = ALIGN (0x8)
                0x20041c00                        __c1_process_stack_end__ = .
                0x20041c00                        __c1_main_thread_stack_end__ = .

.vectors        0x10000100       0xc0
                0x10000100                        __textvectors_base__ = LOADADDR (.vectors)
                0x10000100                        __vectors_base__ = .
 *(.vectors)
 .vectors       0x10000100       0xc0 .build/obj_selpad_fig5/./lib/chibios/os/common/startup/ARMCMx/compilers/GCC/vectors.o
                0x10000100                _vectors
                0x100001c0                        __vectors_end__ = .

.xtors          0x100001c0        0x0
                0x100001c0                        __init_array_base__ = .
 *(SORT_BY_NAME(.init_array.*))
 *(.init_array)
                0x100001c0                        __init_array_end__ = .
                0x100001c0                        __fini_array_base__ = .
 *(.fini_array)
 *(SORT_BY_NAME(.fini_array.*))
                0x100001c0                        __fini_array_end__ = .

.text           0x100001c0     0x5dc8
                0x100001c0                        __text_base__ = .
 *(.text)
 .text          0x100001c0      0x104 .build/obj_selpad_fig5/./lib/chibios/os/common/startup/ARMCMx/compilers/GCC/crt0_v6m.o
                0x100001c0                _crt0_entry
 .text          0x100002c4        0x8 .build/obj_selpad_fig5/./lib/chibios/os/common/startup/ARMCMx/compilers/GCC/vectors.o
                0x100002c4                Reset_Handler
                0x100002c6                Vector9C
                0x100002c6                VectorAC
                0x100002c6                DebugMon_Handler
                0x100002c6                Vector5C
                0x100002c6                HardFault_Handler
                0x100002c6                Vector8C
                0x100002c6                SysTick_Handler
                0x100002c6                PendSV_Handler
                0x100002c6                Vector94
                0x100002c6                VectorA8
                0x100002c6                VectorB4
                0x100002c6                Vector74
                0x100002c6                UsageFault_Handler
                0x100002c6                VectorBC
                0x100002c6                Vector64
                0x100002c6                Vector58
                0x100002c6                Vector98
                0x100002c6                Vector24
                0x100002c6                Vector84
                0x100002c6                SecureFault_Handler
                0x100002c6                MemManage_Handler
                0x100002c6                Vector6C
                0x100002c6                VectorA0
                0x100002c6                SVC_Handler
                0x100002c6                VectorB0
                0x100002c6                Vector90
                0x100002c6                Vector60
                0x100002c6                Vector70
                0x100002c6                Vector68
                0x100002c6                Vector78
                0x100002c6                VectorA4
                0x100002c6                Vector88
                0x100002c6                BusFault_Handler
                0x100002c6                Vector50
                0x100002c6                Vector28
                0x100002c6                VectorB8
                0x100002c6                Vector34
                0x100002c6                Vector20
                0x100002ca                _unhandled_exception
 .text          0x100002cc       0x48 .build/obj_selpad_fig5/./lib/chibios/os/common/ports/ARMv6-M-RP2/compilers/GCC/chcoreasm.o
                0x100002cc                __port_switch
                0x100002ec                __port_thread_start
                0x100002fe                __port_switch_from_isr
                0x10000302                __port_exit_from_isr
 .text          0x10000314       0x14 C:/QMK_MSYS/opt/qmk/bin/../lib/gcc/arm-none-eabi/15.2.0/thumb/v6-m/nofp\libgcc.a(_thumb1_case_sqi.o)
                0x10000314                __gnu_thumb1_case_sqi
 .text          0x10000328       0x14 C:/QMK_MSYS/opt/qmk/bin/../lib/gcc/arm-none-eabi/15.2.0/thumb/v6-m/nofp\libgcc.a(_thumb1_case_uqi.o)
                0x10000328                __gnu_thumb1_case_uqi
 .text          0x1000033c       0x14 C:/QMK_MSYS/opt/qmk/bin/../lib/gcc/arm-none-eabi/15.2.0/thumb/v6-m/nofp\libgcc.a(_thumb1_case_uhi.o)
                0x1000033c                __gnu_thumb1_case_uhi
 .text          0x10000350        0x4 C:/QMK_MSYS/opt/qmk/bin/../lib/gcc/arm-none-eabi/15.2.0/thumb/v6-m/nofp\libgcc.a(_dvmd_tls.o)
                0x10000350                __aeabi_idiv0
                0x10000350                __aeabi_ldiv0
 *(.text.*)
 .text.keycode_at_keymap_location_raw
                0x10000354       0x18 .build/obj_selpad_fig5/quantum/keymap_introspection.o
                0x10000354                keycode_at_keymap_location_raw
 .text.keycode_at_keymap_location
                0x1000036c        0x8 .build/obj_selpad_fig5/quantum/keymap_introspection.o
                0x1000036c                keycode_at_keymap_location
 .text.pre_process_record_modules
                0x10000374        0x4 .build/obj_selpad_fig5/quantum/quantum.o
                0x10000374                pre_process_record_modules
 .text.pre_process_record_user
                0x10000378        0x4 .build/obj_selpad_fig5/quantum/quantum.o
                0x10000378                pre_process_record_user
 .text.pre_process_record_kb
                0x1000037c        0x8 .build/obj_selpad_fig5/quantum/quantum.o
                0x1000037c                pre_process_record_kb
 .text.process_record_modules
                0x10000384        0x4 .build/obj_selpad_fig5/quantum/quantum.o
                0x10000384                process_record_modules
 .text.process_record_user
                0x10000388        0x4 .build/obj_selpad_fig5/quantum/quantum.o
                0x10000388                process_record_user
 .text.process_record_kb
                0x1000038c        0x8 .build/obj_selpad_fig5/quantum/quantum.o
                0x1000038c                process_record_kb
 .text.post_process_record_modules
                0x10000394        0x2 .build/obj_selpad_fig5/quantum/quantum.o
                0x10000394                post_process_record_modules
 .text.post_process_record_user
                0x10000396        0x2 .build/obj_selpad_fig5/quantum/quantum.o
                0x10000396                post_process_record_user
 .text.post_process_record_kb
                0x10000398        0x8 .build/obj_selpad_fig5/quantum/quantum.o
                0x10000398                post_process_record_kb
 .text.shutdown_modules
                0x100003a0        0x4 .build/obj_selpad_fig5/quantum/quantum.o
                0x100003a0                shutdown_modules
 .text.suspend_power_down_modules
                0x100003a4        0x2 .build/obj_selpad_fig5/quantum/quantum.o
                0x100003a4                suspend_power_down_modules
 .text.suspend_wakeup_init_modules
                0x100003a6        0x2 .build/obj_selpad_fig5/quantum/quantum.o
                0x100003a6                suspend_wakeup_init_modules
 .text.get_event_keycode
                0x100003a8       0x4c .build/obj_selpad_fig5/quantum/quantum.o
                0x100003a8                get_event_keycode
 .text.get_record_keycode
                0x100003f4       0x16 .build/obj_selpad_fig5/quantum/quantum.o
                0x100003f4                get_record_keycode
 .text.pre_process_record_quantum
                0x1000040a       0x24 .build/obj_selpad_fig5/quantum/quantum.o
                0x1000040a                pre_process_record_quantum
 .text.post_process_record_quantum
                0x1000042e       0x1c .build/obj_selpad_fig5/quantum/quantum.o
                0x1000042e                post_process_record_quantum
 .text.process_record_quantum
                0x1000044a       0x6c .build/obj_selpad_fig5/quantum/quantum.o
                0x1000044a                process_record_quantum
 .text.set_single_default_layer
                0x100004b6        0xe .build/obj_selpad_fig5/quantum/quantum.o
                0x100004b6                set_single_default_layer
 .text.set_single_persistent_default_layer
                0x100004c4       0x16 .build/obj_selpad_fig5/quantum/quantum.o
                0x100004c4                set_single_persistent_default_layer
 .text.shutdown_user
                0x100004da        0x4 .build/obj_selpad_fig5/quantum/quantum.o
                0x100004da                shutdown_user
 .text.shutdown_kb
                0x100004de        0x8 .build/obj_selpad_fig5/quantum/quantum.o
                0x100004de                shutdown_kb
 .text.shutdown_quantum
                0x100004e6       0x16 .build/obj_selpad_fig5/quantum/quantum.o
                0x100004e6                shutdown_quantum
 .text.reset_keyboard
                0x100004fc        0xe .build/obj_selpad_fig5/quantum/quantum.o
                0x100004fc                reset_keyboard
 .text.soft_reset_keyboard
                0x1000050a        0xe .build/obj_selpad_fig5/quantum/quantum.o
                0x1000050a                soft_reset_keyboard
 .text.suspend_power_down_quantum
                0x10000518       0x10 .build/obj_selpad_fig5/quantum/quantum.o
                0x10000518                suspend_power_down_quantum
 .text.suspend_wakeup_init_quantum
                0x10000528       0x10 .build/obj_selpad_fig5/quantum/quantum.o
                0x10000528                suspend_wakeup_init_quantum
 .text.led_update_user
                0x10000538        0x4 .build/obj_selpad_fig5/quantum/led.o
                0x10000538                led_update_user
 .text.led_update_ports
                0x1000053c        0x2 .build/obj_selpad_fig5/quantum/led.o
                0x1000053c                led_update_ports
 .text.led_update_kb
                0x1000053e       0x16 .build/obj_selpad_fig5/quantum/led.o
                0x1000053e                led_update_kb
 .text.led_init_ports
                0x10000554        0x2 .build/obj_selpad_fig5/quantum/led.o
                0x10000554                led_init_ports
 .text.led_set  0x10000556        0x8 .build/obj_selpad_fig5/quantum/led.o
                0x10000556                led_set
 .text.led_suspend
                0x1000055e        0xa .build/obj_selpad_fig5/quantum/led.o
                0x1000055e                led_suspend
 .text.led_wakeup
                0x10000568        0xc .build/obj_selpad_fig5/quantum/led.o
                0x10000568                led_wakeup
 .text.led_task
                0x10000574       0x2c .build/obj_selpad_fig5/quantum/led.o
                0x10000574                led_task
 .text.action_exec
                0x100005a0       0x44 .build/obj_selpad_fig5/quantum/action.o
                0x100005a0                action_exec
 .text.process_record_tap_hint
                0x100005e4       0x10 .build/obj_selpad_fig5/quantum/action.o
                0x100005e4                process_record_tap_hint
 .text.register_mouse
                0x100005f4       0x16 .build/obj_selpad_fig5/quantum/action.o
                0x100005f4                register_mouse
 *fill*         0x1000060a        0x2 
 .text.register_code
                0x1000060c       0x88 .build/obj_selpad_fig5/quantum/action.o
                0x1000060c                register_code
 .text.unregister_code
                0x10000694       0x6a .build/obj_selpad_fig5/quantum/action.o
                0x10000694                unregister_code
 *fill*         0x100006fe        0x2 
 .text.tap_code_delay
                0x10000700       0x44 .build/obj_selpad_fig5/quantum/action.o
                0x10000700                tap_code_delay
 .text.tap_code
                0x10000744       0x10 .build/obj_selpad_fig5/quantum/action.o
                0x10000744                tap_code
 .text.register_mods
                0x10000754       0x10 .build/obj_selpad_fig5/quantum/action.o
                0x10000754                register_mods
 .text.unregister_mods
                0x10000764       0x10 .build/obj_selpad_fig5/quantum/action.o
                0x10000764                unregister_mods
 .text.process_action
                0x10000774      0x3b8 .build/obj_selpad_fig5/quantum/action.o
                0x10000774                process_action
 .text.process_record_handler
                0x10000b2c       0x20 .build/obj_selpad_fig5/quantum/action.o
                0x10000b2c                process_record_handler
 .text.process_record
                0x10000b4c       0x44 .build/obj_selpad_fig5/quantum/action.o
                0x10000b4c                process_record
 .text.clear_keyboard_but_mods_and_keys
                0x10000b90       0x20 .build/obj_selpad_fig5/quantum/action.o
                0x10000b90                clear_keyboard_but_mods_and_keys
 .text.clear_keyboard_but_mods
                0x10000bb0        0xc .build/obj_selpad_fig5/quantum/action.o
                0x10000bb0                clear_keyboard_but_mods
 .text.clear_keyboard
                0x10000bbc        0xc .build/obj_selpad_fig5/quantum/action.o
                0x10000bbc                clear_keyboard
 .text.is_tap_action
                0x10000bc8       0x4e .build/obj_selpad_fig5/quantum/action.o
                0x10000bc8                is_tap_action
 .text.is_tap_record
                0x10000c16       0x18 .build/obj_selpad_fig5/quantum/action.o
                0x10000c16                is_tap_record
 .text.debug_event
                0x10000c2e        0x6 .build/obj_selpad_fig5/quantum/action.o
                0x10000c2e                debug_event
 .text.debug_record
                0x10000c34        0x6 .build/obj_selpad_fig5/quantum/action.o
                0x10000c34                debug_record
 .text.default_layer_state_set_user
                0x10000c3a        0x2 .build/obj_selpad_fig5/quantum/action_layer.o
                0x10000c3a                default_layer_state_set_user
 .text.default_layer_state_set_kb
                0x10000c3c        0x8 .build/obj_selpad_fig5/quantum/action_layer.o
                0x10000c3c                default_layer_state_set_kb
 .text.default_layer_state_set_modules
                0x10000c44        0x2 .build/obj_selpad_fig5/quantum/action_layer.o
                0x10000c44                default_layer_state_set_modules
 *fill*         0x10000c46        0x2 
 .text.default_layer_state_set
                0x10000c48       0x14 .build/obj_selpad_fig5/quantum/action_layer.o
 .text.default_layer_debug
                0x10000c5c        0x2 .build/obj_selpad_fig5/quantum/action_layer.o
                0x10000c5c                default_layer_debug
 .text.default_layer_set
                0x10000c5e        0x8 .build/obj_selpad_fig5/quantum/action_layer.o
                0x10000c5e                default_layer_set
 *fill*         0x10000c66        0x2 
 .text.default_layer_or
                0x10000c68       0x14 .build/obj_selpad_fig5/quantum/action_layer.o
                0x10000c68                default_layer_or
 .text.default_layer_and
                0x10000c7c       0x14 .build/obj_selpad_fig5/quantum/action_layer.o
                0x10000c7c                default_layer_and
 .text.default_layer_xor
                0x10000c90       0x14 .build/obj_selpad_fig5/quantum/action_layer.o
                0x10000c90                default_layer_xor
 .text.layer_state_set_user
                0x10000ca4        0x2 .build/obj_selpad_fig5/quantum/action_layer.o
                0x10000ca4                layer_state_set_user
 .text.layer_state_set_kb
                0x10000ca6        0x8 .build/obj_selpad_fig5/quantum/action_layer.o
                0x10000ca6                layer_state_set_kb
 .text.layer_state_set_modules
                0x10000cae        0x2 .build/obj_selpad_fig5/quantum/action_layer.o
                0x10000cae                layer_state_set_modules
 .text.layer_state_set
                0x10000cb0       0x14 .build/obj_selpad_fig5/quantum/action_layer.o
                0x10000cb0                layer_state_set
 .text.layer_clear
                0x10000cc4        0xa .build/obj_selpad_fig5/quantum/action_layer.o
                0x10000cc4                layer_clear
 .text.layer_move
                0x10000cce        0xe .build/obj_selpad_fig5/quantum/action_layer.o
                0x10000cce                layer_move
 .text.layer_on
                0x10000cdc       0x18 .build/obj_selpad_fig5/quantum/action_layer.o
                0x10000cdc                layer_on
 .text.layer_off
                0x10000cf4       0x18 .build/obj_selpad_fig5/quantum/action_layer.o
                0x10000cf4                layer_off
 .text.layer_invert
                0x10000d0c       0x18 .build/obj_selpad_fig5/quantum/action_layer.o
                0x10000d0c                layer_invert
 .text.layer_or
                0x10000d24       0x14 .build/obj_selpad_fig5/quantum/action_layer.o
                0x10000d24                layer_or
 .text.layer_and
                0x10000d38       0x14 .build/obj_selpad_fig5/quantum/action_layer.o
                0x10000d38                layer_and
 .text.layer_xor
                0x10000d4c       0x14 .build/obj_selpad_fig5/quantum/action_layer.o
                0x10000d4c                layer_xor
 .text.layer_debug
                0x10000d60        0x2 .build/obj_selpad_fig5/quantum/action_layer.o
                0x10000d60                layer_debug
 .text.update_source_layers_cache_impl
                0x10000d62       0x2e .build/obj_selpad_fig5/quantum/action_layer.o
                0x10000d62                update_source_layers_cache_impl
 .text.read_source_layers_cache_impl
                0x10000d90       0x26 .build/obj_selpad_fig5/quantum/action_layer.o
                0x10000d90                read_source_layers_cache_impl
 *fill*         0x10000db6        0x2 
 .text.update_source_layers_cache
                0x10000db8       0x24 .build/obj_selpad_fig5/quantum/action_layer.o
                0x10000db8                update_source_layers_cache
 .text.read_source_layers_cache
                0x10000ddc       0x28 .build/obj_selpad_fig5/quantum/action_layer.o
                0x10000ddc                read_source_layers_cache
 .text.layer_switch_get_layer
                0x10000e04       0x44 .build/obj_selpad_fig5/quantum/action_layer.o
                0x10000e04                layer_switch_get_layer
 .text.layer_switch_get_action
                0x10000e48       0x14 .build/obj_selpad_fig5/quantum/action_layer.o
                0x10000e48                layer_switch_get_action
 .text.store_or_get_action
                0x10000e5c       0x44 .build/obj_selpad_fig5/quantum/action_layer.o
                0x10000e5c                store_or_get_action
 .text.debug_waiting_buffer
                0x10000ea0       0x40 .build/obj_selpad_fig5/quantum/action_tapping.o
 .text.debug_tapping_key
                0x10000ee0       0x20 .build/obj_selpad_fig5/quantum/action_tapping.o
 .text.waiting_buffer_scan_tap
                0x10000f00       0x88 .build/obj_selpad_fig5/quantum/action_tapping.o
 .text.waiting_buffer_typed.isra.0
                0x10000f88       0x48 .build/obj_selpad_fig5/quantum/action_tapping.o
 .text.process_tapping
                0x10000fd0      0x280 .build/obj_selpad_fig5/quantum/action_tapping.o
 .text.action_tapping_process
                0x10001250       0xb8 .build/obj_selpad_fig5/quantum/action_tapping.o
                0x10001250                action_tapping_process
 .text.get_oneshot_layer
                0x10001308        0xc .build/obj_selpad_fig5/quantum/action_util.o
                0x10001308                get_oneshot_layer
 .text.get_oneshot_layer_state
                0x10001314       0x10 .build/obj_selpad_fig5/quantum/action_util.o
                0x10001314                get_oneshot_layer_state
 .text.is_oneshot_layer_active
                0x10001324       0x14 .build/obj_selpad_fig5/quantum/action_util.o
                0x10001324                is_oneshot_layer_active
 .text.get_mods
                0x10001338        0xc .build/obj_selpad_fig5/quantum/action_util.o
                0x10001338                get_mods
 .text.add_mods
                0x10001344       0x10 .build/obj_selpad_fig5/quantum/action_util.o
                0x10001344                add_mods
 .text.del_mods
                0x10001354       0x10 .build/obj_selpad_fig5/quantum/action_util.o
                0x10001354                del_mods
 .text.clear_mods
                0x10001364        0xc .build/obj_selpad_fig5/quantum/action_util.o
                0x10001364                clear_mods
 .text.add_weak_mods
                0x10001370       0x10 .build/obj_selpad_fig5/quantum/action_util.o
                0x10001370                add_weak_mods
 .text.del_weak_mods
                0x10001380       0x10 .build/obj_selpad_fig5/quantum/action_util.o
                0x10001380                del_weak_mods
 .text.clear_weak_mods
                0x10001390        0xc .build/obj_selpad_fig5/quantum/action_util.o
                0x10001390                clear_weak_mods
 .text.oneshot_locked_mods_changed_user
                0x1000139c        0x2 .build/obj_selpad_fig5/quantum/action_util.o
                0x1000139c                oneshot_locked_mods_changed_user
 .text.oneshot_locked_mods_changed_kb
                0x1000139e        0x8 .build/obj_selpad_fig5/quantum/action_util.o
                0x1000139e                oneshot_locked_mods_changed_kb
 *fill*         0x100013a6        0x2 
 .text.del_oneshot_locked_mods
                0x100013a8       0x1c .build/obj_selpad_fig5/quantum/action_util.o
                0x100013a8                del_oneshot_locked_mods
 .text.oneshot_mods_changed_user
                0x100013c4        0x2 .build/obj_selpad_fig5/quantum/action_util.o
                0x100013c4                oneshot_mods_changed_user
 .text.oneshot_mods_changed_kb
                0x100013c6        0x8 .build/obj_selpad_fig5/quantum/action_util.o
                0x100013c6                oneshot_mods_changed_kb
 *fill*         0x100013ce        0x2 
 .text.add_oneshot_mods
                0x100013d0       0x1c .build/obj_selpad_fig5/quantum/action_util.o
                0x100013d0                add_oneshot_mods
 .text.del_oneshot_mods
                0x100013ec       0x1c .build/obj_selpad_fig5/quantum/action_util.o
                0x100013ec                del_oneshot_mods
 .text.clear_oneshot_mods
                0x10001408       0x18 .build/obj_selpad_fig5/quantum/action_util.o
                0x10001408                clear_oneshot_mods
 .text.get_mods_for_report
                0x10001420       0x34 .build/obj_selpad_fig5/quantum/action_util.o
 .text.send_6kro_report
                0x10001454       0x38 .build/obj_selpad_fig5/quantum/action_util.o
                0x10001454                send_6kro_report
 .text.send_nkro_report
                0x1000148c       0x38 .build/obj_selpad_fig5/quantum/action_util.o
                0x1000148c                send_nkro_report
 .text.send_keyboard_report
                0x100014c4       0x24 .build/obj_selpad_fig5/quantum/action_util.o
                0x100014c4                send_keyboard_report
 .text.oneshot_layer_changed_user
                0x100014e8        0x2 .build/obj_selpad_fig5/quantum/action_util.o
                0x100014e8                oneshot_layer_changed_user
 .text.oneshot_layer_changed_kb
                0x100014ea        0x8 .build/obj_selpad_fig5/quantum/action_util.o
                0x100014ea                oneshot_layer_changed_kb
 *fill*         0x100014f2        0x2 
 .text.set_oneshot_layer
                0x100014f4       0x30 .build/obj_selpad_fig5/quantum/action_util.o
                0x100014f4                set_oneshot_layer
 .text.reset_oneshot_layer
                0x10001524       0x14 .build/obj_selpad_fig5/quantum/action_util.o
                0x10001524                reset_oneshot_layer
 .text.clear_oneshot_layer_state
                0x10001538       0x30 .build/obj_selpad_fig5/quantum/action_util.o
                0x10001538                clear_oneshot_layer_state
 .text.oneshot_set
                0x10001568       0x30 .build/obj_selpad_fig5/quantum/action_util.o
                0x10001568                oneshot_set
 .text.oneshot_toggle
                0x10001598       0x18 .build/obj_selpad_fig5/quantum/action_util.o
                0x10001598                oneshot_toggle
 .text.oneshot_enable
                0x100015b0        0xa .build/obj_selpad_fig5/quantum/action_util.o
                0x100015b0                oneshot_enable
 .text.oneshot_disable
                0x100015ba        0xa .build/obj_selpad_fig5/quantum/action_util.o
                0x100015ba                oneshot_disable
 .text.eeconfig_init_user
                0x100015c4        0xa .build/obj_selpad_fig5/quantum/eeconfig.o
                0x100015c4                eeconfig_init_user
 .text.eeconfig_init_kb
                0x100015ce        0xe .build/obj_selpad_fig5/quantum/eeconfig.o
                0x100015ce                eeconfig_init_kb
 .text.eeconfig_init_quantum
                0x100015dc       0x38 .build/obj_selpad_fig5/quantum/eeconfig.o
                0x100015dc                eeconfig_init_quantum
 .text.eeconfig_init
                0x10001614        0x8 .build/obj_selpad_fig5/quantum/eeconfig.o
                0x10001614                eeconfig_init
 .text.eeconfig_disable
                0x1000161c        0x8 .build/obj_selpad_fig5/quantum/eeconfig.o
                0x1000161c                eeconfig_disable
 .text.eeconfig_is_enabled
                0x10001624        0x8 .build/obj_selpad_fig5/quantum/eeconfig.o
                0x10001624                eeconfig_is_enabled
 .text.eeconfig_read_debug
                0x1000162c        0x8 .build/obj_selpad_fig5/quantum/eeconfig.o
                0x1000162c                eeconfig_read_debug
 .text.eeconfig_read_default_layer
                0x10001634        0x8 .build/obj_selpad_fig5/quantum/eeconfig.o
                0x10001634                eeconfig_read_default_layer
 .text.eeconfig_update_default_layer
                0x1000163c        0x8 .build/obj_selpad_fig5/quantum/eeconfig.o
                0x1000163c                eeconfig_update_default_layer
 .text.eeconfig_read_keymap
                0x10001644        0x8 .build/obj_selpad_fig5/quantum/eeconfig.o
                0x10001644                eeconfig_read_keymap
 .text.eeconfig_update_keymap
                0x1000164c        0x8 .build/obj_selpad_fig5/quantum/eeconfig.o
                0x1000164c                eeconfig_update_keymap
 .text.eeconfig_update_handedness
                0x10001654        0x8 .build/obj_selpad_fig5/quantum/eeconfig.o
                0x10001654                eeconfig_update_handedness
 .text.generate_tick_event
                0x1000165c       0x30 .build/obj_selpad_fig5/quantum/keyboard.o
 .text.last_matrix_activity_trigger
                0x1000168c       0x18 .build/obj_selpad_fig5/quantum/keyboard.o
                0x1000168c                last_matrix_activity_trigger
 .text.matrix_setup
                0x100016a4        0x2 .build/obj_selpad_fig5/quantum/keyboard.o
                0x100016a4                matrix_setup
 .text.keyboard_pre_init_user
                0x100016a6        0x2 .build/obj_selpad_fig5/quantum/keyboard.o
                0x100016a6                keyboard_pre_init_user
 .text.keyboard_pre_init_kb
                0x100016a8        0x8 .build/obj_selpad_fig5/quantum/keyboard.o
                0x100016a8                keyboard_pre_init_kb
 .text.keyboard_pre_init_modules
                0x100016b0        0x2 .build/obj_selpad_fig5/quantum/keyboard.o
                0x100016b0                keyboard_pre_init_modules
 .text.keyboard_pre_init_quantum
                0x100016b2        0xc .build/obj_selpad_fig5/quantum/keyboard.o
                0x100016b2                keyboard_pre_init_quantum
 .text.keyboard_post_init_user
                0x100016be        0x2 .build/obj_selpad_fig5/quantum/keyboard.o
                0x100016be                keyboard_post_init_user
 .text.keyboard_post_init_kb
                0x100016c0        0x8 .build/obj_selpad_fig5/quantum/keyboard.o
                0x100016c0                keyboard_post_init_kb
 .text.keyboard_post_init_modules
                0x100016c8        0x2 .build/obj_selpad_fig5/quantum/keyboard.o
                0x100016c8                keyboard_post_init_modules
 .text.keyboard_post_init_quantum
                0x100016ca        0xc .build/obj_selpad_fig5/quantum/keyboard.o
                0x100016ca                keyboard_post_init_quantum
 .text.matrix_can_read
                0x100016d6        0x4 .build/obj_selpad_fig5/quantum/keyboard.o
                0x100016d6                matrix_can_read
 *fill*         0x100016da        0x2 
 .text.keyboard_setup
                0x100016dc       0x1c .build/obj_selpad_fig5/quantum/keyboard.o
                0x100016dc                keyboard_setup
 .text.is_keyboard_master
                0x100016f8        0x4 .build/obj_selpad_fig5/quantum/keyboard.o
                0x100016f8                is_keyboard_master
 .text.should_process_keypress
                0x100016fc        0x8 .build/obj_selpad_fig5/quantum/keyboard.o
                0x100016fc                should_process_keypress
 .text.housekeeping_task_modules
                0x10001704        0x2 .build/obj_selpad_fig5/quantum/keyboard.o
                0x10001704                housekeeping_task_modules
 .text.housekeeping_task_kb
                0x10001706        0x2 .build/obj_selpad_fig5/quantum/keyboard.o
                0x10001706                housekeeping_task_kb
 .text.housekeeping_task_user
                0x10001708        0x2 .build/obj_selpad_fig5/quantum/keyboard.o
                0x10001708                housekeeping_task_user
 .text.housekeeping_task
                0x1000170a       0x10 .build/obj_selpad_fig5/quantum/keyboard.o
                0x1000170a                housekeeping_task
 *fill*         0x1000171a        0x2 
 .text.quantum_init
                0x1000171c       0x38 .build/obj_selpad_fig5/quantum/keyboard.o
                0x1000171c                quantum_init
 .text.keyboard_init
                0x10001754       0x1c .build/obj_selpad_fig5/quantum/keyboard.o
                0x10001754                keyboard_init
 .text.keyboard_task
                0x10001770       0xd0 .build/obj_selpad_fig5/quantum/keyboard.o
                0x10001770                keyboard_task
 .text.action_for_keycode
                0x10001840      0x1cc .build/obj_selpad_fig5/quantum/keymap_common.o
                0x10001840                action_for_keycode
 .text.keymap_key_to_keycode
                0x10001a0c       0x20 .build/obj_selpad_fig5/quantum/keymap_common.o
                0x10001a0c                keymap_key_to_keycode
 .text.action_for_key
                0x10001a2c       0x12 .build/obj_selpad_fig5/quantum/keymap_common.o
                0x10001a2c                action_for_key
 *fill*         0x10001a3e        0x2 
 .text.keycode_config
                0x10001a40      0x124 .build/obj_selpad_fig5/quantum/keycode_config.o
                0x10001a40                keycode_config
 .text.mod_config
                0x10001b64       0x9c .build/obj_selpad_fig5/quantum/keycode_config.o
                0x10001b64                mod_config
 .text.sendchar
                0x10001c00        0x4 .build/obj_selpad_fig5/quantum/logging/sendchar.o
                0x10001c00                sendchar
 .text.process_default_layer
                0x10001c04       0x24 .build/obj_selpad_fig5/quantum/process_keycode/process_default_layer.o
                0x10001c04                process_default_layer
 .text.process_oneshot
                0x10001c28       0x44 .build/obj_selpad_fig5/quantum/process_keycode/process_oneshot.o
                0x10001c28                process_oneshot
 .text.process_quantum
                0x10001c6c       0x3c .build/obj_selpad_fig5/quantum/process_keycode/process_quantum.o
                0x10001c6c                process_quantum
 .text.nvm_eeconfig_erase
                0x10001ca8        0xa .build/obj_selpad_fig5/nvm_eeconfig.o
                0x10001ca8                nvm_eeconfig_erase
 *fill*         0x10001cb2        0x2 
 .text.nvm_eeconfig_is_enabled
                0x10001cb4       0x18 .build/obj_selpad_fig5/nvm_eeconfig.o
                0x10001cb4                nvm_eeconfig_is_enabled
 .text.nvm_eeconfig_enable
                0x10001ccc       0x10 .build/obj_selpad_fig5/nvm_eeconfig.o
                0x10001ccc                nvm_eeconfig_enable
 .text.nvm_eeconfig_disable
                0x10001cdc       0x18 .build/obj_selpad_fig5/nvm_eeconfig.o
                0x10001cdc                nvm_eeconfig_disable
 .text.nvm_eeconfig_read_debug
                0x10001cf4        0xe .build/obj_selpad_fig5/nvm_eeconfig.o
                0x10001cf4                nvm_eeconfig_read_debug
 .text.nvm_eeconfig_update_debug
                0x10001d02        0xc .build/obj_selpad_fig5/nvm_eeconfig.o
                0x10001d02                nvm_eeconfig_update_debug
 .text.nvm_eeconfig_read_default_layer
                0x10001d0e        0xa .build/obj_selpad_fig5/nvm_eeconfig.o
                0x10001d0e                nvm_eeconfig_read_default_layer
 .text.nvm_eeconfig_update_default_layer
                0x10001d18        0xc .build/obj_selpad_fig5/nvm_eeconfig.o
                0x10001d18                nvm_eeconfig_update_default_layer
 .text.nvm_eeconfig_read_keymap
                0x10001d24        0xe .build/obj_selpad_fig5/nvm_eeconfig.o
                0x10001d24                nvm_eeconfig_read_keymap
 .text.nvm_eeconfig_update_keymap
                0x10001d32        0xc .build/obj_selpad_fig5/nvm_eeconfig.o
                0x10001d32                nvm_eeconfig_update_keymap
 .text.nvm_eeconfig_update_kb
                0x10001d3e        0xc .build/obj_selpad_fig5/nvm_eeconfig.o
                0x10001d3e                nvm_eeconfig_update_kb
 .text.nvm_eeconfig_update_user
                0x10001d4a        0xc .build/obj_selpad_fig5/nvm_eeconfig.o
                0x10001d4a                nvm_eeconfig_update_user
 .text.nvm_eeconfig_update_handedness
                0x10001d56        0xc .build/obj_selpad_fig5/nvm_eeconfig.o
                0x10001d56                nvm_eeconfig_update_handedness
 .text.null_sendchar_func
                0x10001d62        0x4 .build/obj_selpad_fig5/quantum/logging/print.o
 *fill*         0x10001d66        0x2 
 .text.print_set_sendchar
                0x10001d68        0xc .build/obj_selpad_fig5/quantum/logging/print.o
                0x10001d68                print_set_sendchar
 .text.matrix_init_user
                0x10001d74        0x2 .build/obj_selpad_fig5/quantum/matrix_common.o
                0x10001d74                matrix_init_user
 .text.matrix_init_kb
                0x10001d76        0x8 .build/obj_selpad_fig5/quantum/matrix_common.o
                0x10001d76                matrix_init_kb
 .text.matrix_scan_user
                0x10001d7e        0x2 .build/obj_selpad_fig5/quantum/matrix_common.o
                0x10001d7e                matrix_scan_user
 .text.matrix_scan_kb
                0x10001d80        0x8 .build/obj_selpad_fig5/quantum/matrix_common.o
                0x10001d80                matrix_scan_kb
 .text.matrix_get_row
                0x10001d88        0xc .build/obj_selpad_fig5/quantum/matrix_common.o
                0x10001d88                matrix_get_row
 .text.matrix_print
                0x10001d94        0x2 .build/obj_selpad_fig5/quantum/matrix_common.o
                0x10001d94                matrix_print
 *fill*         0x10001d96        0x2 
 .text.matrix_init_pins
                0x10001d98       0x44 .build/obj_selpad_fig5/quantum/matrix.o
                0x10001d98                matrix_init_pins
 .text.matrix_read_cols_on_row
                0x10001ddc       0x44 .build/obj_selpad_fig5/quantum/matrix.o
                0x10001ddc                matrix_read_cols_on_row
 .text.matrix_init
                0x10001e20       0x24 .build/obj_selpad_fig5/quantum/matrix.o
                0x10001e20                matrix_init
 .text.matrix_scan
                0x10001e44       0x44 .build/obj_selpad_fig5/quantum/matrix.o
                0x10001e44                matrix_scan
 .text.debounce_init
                0x10001e88        0x2 .build/obj_selpad_fig5/quantum/debounce/sym_defer_g.o
                0x10001e88                debounce_init
 *fill*         0x10001e8a        0x2 
 .text.debounce
                0x10001e8c       0x4c .build/obj_selpad_fig5/quantum/debounce/sym_defer_g.o
                0x10001e8c                debounce
 .text.protocol_keyboard_task
                0x10001ed8        0x8 .build/obj_selpad_fig5/quantum/main.o
                0x10001ed8                protocol_keyboard_task
 .text.startup.main
                0x10001ee0       0x2c .build/obj_selpad_fig5/quantum/main.o
                0x10001ee0                main
 .text.eeprom_read_byte
                0x10001f0c       0x18 .build/obj_selpad_fig5/eeprom_driver.o
                0x10001f0c                eeprom_read_byte
 .text.eeprom_read_word
                0x10001f24       0x18 .build/obj_selpad_fig5/eeprom_driver.o
                0x10001f24                eeprom_read_word
 .text.eeprom_read_dword
                0x10001f3c       0x14 .build/obj_selpad_fig5/eeprom_driver.o
                0x10001f3c                eeprom_read_dword
 .text.eeprom_write_byte
                0x10001f50       0x12 .build/obj_selpad_fig5/eeprom_driver.o
                0x10001f50                eeprom_write_byte
 .text.eeprom_write_word
                0x10001f62       0x12 .build/obj_selpad_fig5/eeprom_driver.o
                0x10001f62                eeprom_write_word
 .text.eeprom_write_dword
                0x10001f74       0x10 .build/obj_selpad_fig5/eeprom_driver.o
                0x10001f74                eeprom_write_dword
 .text.eeprom_update_byte
                0x10001f84       0x18 .build/obj_selpad_fig5/eeprom_driver.o
                0x10001f84                eeprom_update_byte
 .text.eeprom_update_word
                0x10001f9c       0x18 .build/obj_selpad_fig5/eeprom_driver.o
                0x10001f9c                eeprom_update_word
 .text.eeprom_update_dword
                0x10001fb4       0x18 .build/obj_selpad_fig5/eeprom_driver.o
                0x10001fb4                eeprom_update_dword
 .text.eeprom_driver_init
                0x10001fcc        0x8 .build/obj_selpad_fig5/eeprom_wear_leveling.o
                0x10001fcc                eeprom_driver_init
 .text.eeprom_driver_format
                0x10001fd4        0x8 .build/obj_selpad_fig5/eeprom_wear_leveling.o
                0x10001fd4                eeprom_driver_format
 .text.eeprom_read_block
                0x10001fdc        0xe .build/obj_selpad_fig5/eeprom_wear_leveling.o
                0x10001fdc                eeprom_read_block
 .text.eeprom_write_block
                0x10001fea        0xe .build/obj_selpad_fig5/eeprom_wear_leveling.o
                0x10001fea                eeprom_write_block
 .text.wear_leveling_clear_cache
                0x10001ff8       0x24 .build/obj_selpad_fig5/wear_leveling.o
 .text.wear_leveling_unlock
                0x1000201c       0x24 .build/obj_selpad_fig5/wear_leveling.o
 .text.wear_leveling_lock
                0x10002040       0x28 .build/obj_selpad_fig5/wear_leveling.o
 .text.wear_leveling_erase
                0x10002068       0x2e .build/obj_selpad_fig5/wear_leveling.o
                0x10002068                wear_leveling_erase
 *fill*         0x10002096        0x2 
 .text.wear_leveling_read
                0x10002098       0x24 .build/obj_selpad_fig5/wear_leveling.o
                0x10002098                wear_leveling_read
 .text.wear_leveling_consolidate_force
                0x100020bc       0x6c .build/obj_selpad_fig5/wear_leveling.o
 .text.wear_leveling_consolidate_if_needed
                0x10002128       0x20 .build/obj_selpad_fig5/wear_leveling.o
 .text.wear_leveling_append_raw
                0x10002148       0x28 .build/obj_selpad_fig5/wear_leveling.o
 .text.wear_leveling_write
                0x10002170      0x154 .build/obj_selpad_fig5/wear_leveling.o
                0x10002170                wear_leveling_write
 .text.wear_leveling_init
                0x100022c4      0x188 .build/obj_selpad_fig5/wear_leveling.o
                0x100022c4                wear_leveling_init
 .text.backing_store_init
                0x1000244c       0x1c .build/obj_selpad_fig5/wear_leveling_rp2040_flash.o
                0x1000244c                backing_store_init
 .text.backing_store_unlock
                0x10002468        0x4 .build/obj_selpad_fig5/wear_leveling_rp2040_flash.o
                0x10002468                backing_store_unlock
 .text.backing_store_erase
                0x1000246c       0x28 .build/obj_selpad_fig5/wear_leveling_rp2040_flash.o
                0x1000246c                backing_store_erase
 .text.backing_store_write_bulk
                0x10002494       0x24 .build/obj_selpad_fig5/wear_leveling_rp2040_flash.o
                0x10002494                backing_store_write_bulk
 .text.backing_store_write
                0x100024b8       0x12 .build/obj_selpad_fig5/wear_leveling_rp2040_flash.o
                0x100024b8                backing_store_write
 .text.backing_store_lock
                0x100024ca        0x4 .build/obj_selpad_fig5/wear_leveling_rp2040_flash.o
                0x100024ca                backing_store_lock
 *fill*         0x100024ce        0x2 
 .text.backing_store_read_bulk
                0x100024d0       0x20 .build/obj_selpad_fig5/wear_leveling_rp2040_flash.o
                0x100024d0                backing_store_read_bulk
 .text.backing_store_read
                0x100024f0        0xc .build/obj_selpad_fig5/wear_leveling_rp2040_flash.o
                0x100024f0                backing_store_read
 .text.fnv_64a_buf
                0x100024fc       0x7c .build/obj_selpad_fig5/hash_64a.o
                0x100024fc                fnv_64a_buf
 .text.process_grave_esc
                0x10002578       0x54 .build/obj_selpad_fig5/quantum/process_keycode/process_grave_esc.o
                0x10002578                process_grave_esc
 .text.process_magic
                0x100025cc      0x1b4 .build/obj_selpad_fig5/quantum/process_keycode/process_magic.o
                0x100025cc                process_magic
 .text.times_inv_sqrt2
                0x10002780       0x1e .build/obj_selpad_fig5/quantum/mousekey.o
 *fill*         0x1000279e        0x2 
 .text.move_unit
                0x100027a0       0x6c .build/obj_selpad_fig5/quantum/mousekey.o
 .text.wheel_unit
                0x1000280c       0x68 .build/obj_selpad_fig5/quantum/mousekey.o
 .text.mousekey_on
                0x10002874       0xa8 .build/obj_selpad_fig5/quantum/mousekey.o
                0x10002874                mousekey_on
 .text.mousekey_off
                0x1000291c       0xe8 .build/obj_selpad_fig5/quantum/mousekey.o
                0x1000291c                mousekey_off
 .text.mousekey_send
                0x10002a04       0x3c .build/obj_selpad_fig5/quantum/mousekey.o
                0x10002a04                mousekey_send
 .text.mousekey_clear
                0x10002a40       0x2c .build/obj_selpad_fig5/quantum/mousekey.o
                0x10002a40                mousekey_clear
 .text.should_mousekey_report_send
                0x10002a6c       0x26 .build/obj_selpad_fig5/quantum/mousekey.o
                0x10002a6c                should_mousekey_report_send
 *fill*         0x10002a92        0x2 
 .text.mousekey_task
                0x10002a94      0x17c .build/obj_selpad_fig5/quantum/mousekey.o
                0x10002a94                mousekey_task
 .text.perform_space_cadet
                0x10002c10       0xb4 .build/obj_selpad_fig5/quantum/process_keycode/process_space_cadet.o
                0x10002c10                perform_space_cadet
 .text.process_space_cadet
                0x10002cc4       0xa8 .build/obj_selpad_fig5/quantum/process_keycode/process_space_cadet.o
                0x10002cc4                process_space_cadet
 .text.host_set_driver
                0x10002d6c        0xc .build/obj_selpad_fig5/protocol/host.o
                0x10002d6c                host_set_driver
 .text.host_init
                0x10002d78        0x2 .build/obj_selpad_fig5/protocol/host.o
                0x10002d78                host_init
 .text.host_task
                0x10002d7a        0x2 .build/obj_selpad_fig5/protocol/host.o
                0x10002d7a                host_task
 .text.host_can_send_nkro
                0x10002d7c       0x10 .build/obj_selpad_fig5/protocol/host.o
                0x10002d7c                host_can_send_nkro
 .text.host_keyboard_leds
                0x10002d8c       0x18 .build/obj_selpad_fig5/protocol/host.o
                0x10002d8c                host_keyboard_leds
 .text.host_keyboard_send
                0x10002da4       0x18 .build/obj_selpad_fig5/protocol/host.o
                0x10002da4                host_keyboard_send
 .text.host_nkro_send
                0x10002dbc       0x1c .build/obj_selpad_fig5/protocol/host.o
                0x10002dbc                host_nkro_send
 .text.host_mouse_send
                0x10002dd8       0x1c .build/obj_selpad_fig5/protocol/host.o
                0x10002dd8                host_mouse_send
 .text.host_system_send
                0x10002df4       0x34 .build/obj_selpad_fig5/protocol/host.o
                0x10002df4                host_system_send
 .text.host_consumer_send
                0x10002e28       0x34 .build/obj_selpad_fig5/protocol/host.o
                0x10002e28                host_consumer_send
 .text.has_anykey
                0x10002e5c       0x48 .build/obj_selpad_fig5/protocol/report.o
                0x10002e5c                has_anykey
 .text.is_key_pressed
                0x10002ea4       0x60 .build/obj_selpad_fig5/protocol/report.o
                0x10002ea4                is_key_pressed
 .text.add_key_byte
                0x10002f04       0x2a .build/obj_selpad_fig5/protocol/report.o
                0x10002f04                add_key_byte
 .text.del_key_byte
                0x10002f2e       0x18 .build/obj_selpad_fig5/protocol/report.o
                0x10002f2e                del_key_byte
 .text.add_key_bit
                0x10002f46       0x18 .build/obj_selpad_fig5/protocol/report.o
                0x10002f46                add_key_bit
 .text.del_key_bit
                0x10002f5e       0x18 .build/obj_selpad_fig5/protocol/report.o
                0x10002f5e                del_key_bit
 *fill*         0x10002f76        0x2 
 .text.add_key_to_report
                0x10002f78       0x38 .build/obj_selpad_fig5/protocol/report.o
                0x10002f78                add_key_to_report
 .text.del_key_from_report
                0x10002fb0       0x38 .build/obj_selpad_fig5/protocol/report.o
                0x10002fb0                del_key_from_report
 .text.clear_keys_from_report
                0x10002fe8       0x38 .build/obj_selpad_fig5/protocol/report.o
                0x10002fe8                clear_keys_from_report
 .text.has_mouse_report_changed
                0x10003020       0x58 .build/obj_selpad_fig5/protocol/report.o
                0x10003020                has_mouse_report_changed
 .text.notify_usb_device_state_change_user
                0x10003078        0x6 .build/obj_selpad_fig5/protocol/usb_device_state.o
                0x10003078                notify_usb_device_state_change_user
 .text.notify_usb_device_state_change_kb
                0x1000307e        0x8 .build/obj_selpad_fig5/protocol/usb_device_state.o
                0x1000307e                notify_usb_device_state_change_kb
 *fill*         0x10003086        0x2 
 .text.usb_device_state_set_configuration
                0x10003088       0x1c .build/obj_selpad_fig5/protocol/usb_device_state.o
                0x10003088                usb_device_state_set_configuration
 .text.usb_device_state_set_suspend
                0x100030a4       0x1c .build/obj_selpad_fig5/protocol/usb_device_state.o
                0x100030a4                usb_device_state_set_suspend
 .text.usb_device_state_set_resume
                0x100030c0        0x8 .build/obj_selpad_fig5/protocol/usb_device_state.o
                0x100030c0                usb_device_state_set_resume
 .text.usb_device_state_set_reset
                0x100030c8       0x1c .build/obj_selpad_fig5/protocol/usb_device_state.o
                0x100030c8                usb_device_state_set_reset
 .text.usb_device_state_init
                0x100030e4        0x8 .build/obj_selpad_fig5/protocol/usb_device_state.o
                0x100030e4                usb_device_state_init
 .text.usb_device_state_set_protocol
                0x100030ec       0x20 .build/obj_selpad_fig5/protocol/usb_device_state.o
                0x100030ec                usb_device_state_set_protocol
 .text.usb_device_state_get_protocol
                0x1000310c        0xc .build/obj_selpad_fig5/protocol/usb_device_state.o
                0x1000310c                usb_device_state_get_protocol
 .text.usb_device_state_set_leds
                0x10003118       0x1c .build/obj_selpad_fig5/protocol/usb_device_state.o
                0x10003118                usb_device_state_set_leds
 .text.usb_device_state_get_leds
                0x10003134        0xc .build/obj_selpad_fig5/protocol/usb_device_state.o
                0x10003134                usb_device_state_get_leds
 .text.usb_device_state_set_idle_rate
                0x10003140       0x1c .build/obj_selpad_fig5/protocol/usb_device_state.o
                0x10003140                usb_device_state_set_idle_rate
 .text.matrix_power_up
                0x1000315c        0x2 .build/obj_selpad_fig5/platforms/suspend.o
                0x1000315c                matrix_power_up
 .text.matrix_power_down
                0x1000315e        0x2 .build/obj_selpad_fig5/platforms/suspend.o
                0x1000315e                matrix_power_down
 .text.suspend_power_down_user
                0x10003160        0x2 .build/obj_selpad_fig5/platforms/suspend.o
                0x10003160                suspend_power_down_user
 .text.suspend_power_down_kb
                0x10003162        0x8 .build/obj_selpad_fig5/platforms/suspend.o
                0x10003162                suspend_power_down_kb
 .text.suspend_wakeup_init_user
                0x1000316a        0x2 .build/obj_selpad_fig5/platforms/suspend.o
                0x1000316a                suspend_wakeup_init_user
 .text.suspend_wakeup_init_kb
                0x1000316c        0x8 .build/obj_selpad_fig5/platforms/suspend.o
                0x1000316c                suspend_wakeup_init_kb
 .text.suspend_wakeup_condition
                0x10003174       0x24 .build/obj_selpad_fig5/platforms/suspend.o
                0x10003174                suspend_wakeup_condition
 .text.keypress_is_wakeup_key
                0x10003198       0x18 .build/obj_selpad_fig5/platforms/suspend.o
                0x10003198                keypress_is_wakeup_key
 .text.wakeup_matrix_handle_key_event
                0x100031b0       0x18 .build/obj_selpad_fig5/platforms/suspend.o
                0x100031b0                wakeup_matrix_handle_key_event
 .text.timer_elapsed
                0x100031c8        0xe .build/obj_selpad_fig5/platforms/timer.o
                0x100031c8                timer_elapsed
 .text.timer_elapsed32
                0x100031d6        0xc .build/obj_selpad_fig5/platforms/timer.o
                0x100031d6                timer_elapsed32
 .text.get_hardware_id
                0x100031e2       0x28 .build/obj_selpad_fig5/platforms/chibios/hardware_id.o
                0x100031e2                get_hardware_id
 .text.platform_setup
                0x1000320a        0xc .build/obj_selpad_fig5/platforms/chibios/platform.o
                0x1000320a                platform_setup
 *fill*         0x10003216        0x2 
 .text.suspend_power_down
                0x10003218       0x14 .build/obj_selpad_fig5/platforms/chibios/suspend.o
                0x10003218                suspend_power_down
 .text.suspend_wakeup_init
                0x1000322c       0x24 .build/obj_selpad_fig5/platforms/chibios/suspend.o
                0x1000322c                suspend_wakeup_init
 .text.timer_clear
                0x10003250       0x40 .build/obj_selpad_fig5/platforms/chibios/timer.o
                0x10003250                timer_clear
 .text.timer_init
                0x10003290        0x8 .build/obj_selpad_fig5/platforms/chibios/timer.o
                0x10003290                timer_init
 .text.timer_read32
                0x10003298       0x7c .build/obj_selpad_fig5/platforms/chibios/timer.o
                0x10003298                timer_read32
 .text.timer_read
                0x10003314        0xa .build/obj_selpad_fig5/platforms/chibios/timer.o
                0x10003314                timer_read
 *fill*         0x1000331e        0x2 
 .text.mcu_reset
                0x10003320       0x1c .build/obj_selpad_fig5/platforms/chibios/bootloaders/rp2040.o
                0x10003320                mcu_reset
 .text.bootloader_jump
                0x1000333c       0x14 .build/obj_selpad_fig5/platforms/chibios/bootloaders/rp2040.o
                0x1000333c                bootloader_jump
 .text.__late_init
                0x10003350       0x40 .build/obj_selpad_fig5/platforms/chibios/bootloaders/rp2040.o
                0x10003350                __late_init
 .text.port_lock
                0x10003390       0x16 .build/obj_selpad_fig5/protocol/chibios/usb_main.o
 *fill*         0x100033a6        0x2 
 .text.usb_requests_hook_cb
                0x100033a8      0x118 .build/obj_selpad_fig5/protocol/chibios/usb_main.o
 .text.usb_get_descriptor_cb
                0x100034c0       0x3c .build/obj_selpad_fig5/protocol/chibios/usb_main.o
 .text.set_led_transfer_cb
                0x100034fc       0x2c .build/obj_selpad_fig5/protocol/chibios/usb_main.o
 .text.usb_event_queue_enqueue.isra.0
                0x10003528       0x28 .build/obj_selpad_fig5/protocol/chibios/usb_main.o
 .text.usb_event_cb
                0x10003550       0xa0 .build/obj_selpad_fig5/protocol/chibios/usb_main.o
 .text.usb_event_queue_init
                0x100035f0       0x24 .build/obj_selpad_fig5/protocol/chibios/usb_main.o
                0x100035f0                usb_event_queue_init
 .text.usb_event_queue_task
                0x10003614       0xac .build/obj_selpad_fig5/protocol/chibios/usb_main.o
                0x10003614                usb_event_queue_task
 .text.init_usb_driver
                0x100036c0       0x5c .build/obj_selpad_fig5/protocol/chibios/usb_main.o
                0x100036c0                init_usb_driver
 .text.send_report
                0x1000371c       0x20 .build/obj_selpad_fig5/protocol/chibios/usb_main.o
                0x1000371c                send_report
 .text.send_keyboard
                0x1000373c       0x1c .build/obj_selpad_fig5/protocol/chibios/usb_main.o
                0x1000373c                send_keyboard
 .text.send_nkro
                0x10003758        0xe .build/obj_selpad_fig5/protocol/chibios/usb_main.o
                0x10003758                send_nkro
 .text.send_mouse
                0x10003766        0xe .build/obj_selpad_fig5/protocol/chibios/usb_main.o
                0x10003766                send_mouse
 .text.send_extra
                0x10003774        0xe .build/obj_selpad_fig5/protocol/chibios/usb_main.o
                0x10003774                send_extra
 .text.early_hardware_init_pre
                0x10003782        0x2 .build/obj_selpad_fig5/protocol/chibios/chibios.o
                0x10003782                early_hardware_init_pre
 .text.early_hardware_init_post
                0x10003784        0x2 .build/obj_selpad_fig5/protocol/chibios/chibios.o
                0x10003784                early_hardware_init_post
 .text.board_init
                0x10003786        0x2 .build/obj_selpad_fig5/protocol/chibios/chibios.o
                0x10003786                board_init
 .text.__early_init
                0x10003788       0x10 .build/obj_selpad_fig5/protocol/chibios/chibios.o
                0x10003788                __early_init
 .text.boardInit
                0x10003798        0xc .build/obj_selpad_fig5/protocol/chibios/chibios.o
                0x10003798                boardInit
 .text.protocol_setup
                0x100037a4        0x8 .build/obj_selpad_fig5/protocol/chibios/chibios.o
                0x100037a4                protocol_setup
 .text.protocol_pre_init
                0x100037ac       0x1c .build/obj_selpad_fig5/protocol/chibios/chibios.o
                0x100037ac                protocol_pre_init
 .text.protocol_post_init
                0x100037c8       0x10 .build/obj_selpad_fig5/protocol/chibios/chibios.o
                0x100037c8                protocol_post_init
 .text.protocol_pre_task
                0x100037d8       0x3c .build/obj_selpad_fig5/protocol/chibios/chibios.o
                0x100037d8                protocol_pre_task
 .text.protocol_post_task
                0x10003814        0x8 .build/obj_selpad_fig5/protocol/chibios/chibios.o
                0x10003814                protocol_post_task
 .text.set_serial_number_descriptor
                0x1000381c       0x60 .build/obj_selpad_fig5/usb_descriptor.o
                0x1000381c                set_serial_number_descriptor
 .text.get_usb_descriptor
                0x1000387c       0xbc .build/obj_selpad_fig5/usb_descriptor.o
                0x1000387c                get_usb_descriptor
 .text.port_lock
                0x10003938       0x16 .build/obj_selpad_fig5/protocol/chibios/usb_driver.o
 .text.port_unlock
                0x1000394e       0x12 .build/obj_selpad_fig5/protocol/chibios/usb_driver.o
 .text.obnotify
                0x10003960       0x38 .build/obj_selpad_fig5/protocol/chibios/usb_driver.o
 .text.usb_endpoint_in_init
                0x10003998       0x2c .build/obj_selpad_fig5/protocol/chibios/usb_driver.o
                0x10003998                usb_endpoint_in_init
 .text.usb_endpoint_in_start
                0x100039c4       0x24 .build/obj_selpad_fig5/protocol/chibios/usb_driver.o
                0x100039c4                usb_endpoint_in_start
 .text.usb_endpoint_in_suspend_cb
                0x100039e8       0x26 .build/obj_selpad_fig5/protocol/chibios/usb_driver.o
                0x100039e8                usb_endpoint_in_suspend_cb
 .text.usb_endpoint_in_wakeup_cb
                0x10003a0e        0x6 .build/obj_selpad_fig5/protocol/chibios/usb_driver.o
                0x10003a0e                usb_endpoint_in_wakeup_cb
 .text.usb_endpoint_in_configure_cb
                0x10003a14       0x20 .build/obj_selpad_fig5/protocol/chibios/usb_driver.o
                0x10003a14                usb_endpoint_in_configure_cb
 .text.usb_endpoint_in_tx_complete_cb
                0x10003a34       0xa4 .build/obj_selpad_fig5/protocol/chibios/usb_driver.o
                0x10003a34                usb_endpoint_in_tx_complete_cb
 .text.usb_endpoint_in_send
                0x10003ad8       0x8e .build/obj_selpad_fig5/protocol/chibios/usb_driver.o
                0x10003ad8                usb_endpoint_in_send
 .text.usb_endpoint_in_is_inactive
                0x10003b66       0x34 .build/obj_selpad_fig5/protocol/chibios/usb_driver.o
                0x10003b66                usb_endpoint_in_is_inactive
 .text.port_lock
                0x10003b9a       0x16 .build/obj_selpad_fig5/protocol/chibios/usb_report_handling.o
 .text.port_unlock
                0x10003bb0       0x12 .build/obj_selpad_fig5/protocol/chibios/usb_report_handling.o
 .text.usb_set_report
                0x10003bc2       0x24 .build/obj_selpad_fig5/protocol/chibios/usb_report_handling.o
                0x10003bc2                usb_set_report
 .text.usb_get_report
                0x10003be6       0x1a .build/obj_selpad_fig5/protocol/chibios/usb_report_handling.o
                0x10003be6                usb_get_report
 .text.usb_reset_report
                0x10003c00       0x20 .build/obj_selpad_fig5/protocol/chibios/usb_report_handling.o
                0x10003c00                usb_reset_report
 .text.usb_shared_set_report
                0x10003c20       0x2c .build/obj_selpad_fig5/protocol/chibios/usb_report_handling.o
                0x10003c20                usb_shared_set_report
 .text.usb_shared_get_report
                0x10003c4c       0x20 .build/obj_selpad_fig5/protocol/chibios/usb_report_handling.o
                0x10003c4c                usb_shared_get_report
 .text.usb_shared_reset_report
                0x10003c6c       0x2a .build/obj_selpad_fig5/protocol/chibios/usb_report_handling.o
                0x10003c6c                usb_shared_reset_report
 *fill*         0x10003c96        0x2 
 .text.usb_get_report_cb
                0x10003c98       0x64 .build/obj_selpad_fig5/protocol/chibios/usb_report_handling.o
                0x10003c98                usb_get_report_cb
 .text.usb_set_idle_rate
                0x10003cfc       0x1c .build/obj_selpad_fig5/protocol/chibios/usb_report_handling.o
                0x10003cfc                usb_set_idle_rate
 .text.usb_get_idle_rate
                0x10003d18        0xe .build/obj_selpad_fig5/protocol/chibios/usb_report_handling.o
                0x10003d18                usb_get_idle_rate
 *fill*         0x10003d26        0x2 
 .text.usb_idle_timer_elapsed
                0x10003d28       0x54 .build/obj_selpad_fig5/protocol/chibios/usb_report_handling.o
                0x10003d28                usb_idle_timer_elapsed
 .text.usb_shared_set_idle_rate
                0x10003d7c       0x24 .build/obj_selpad_fig5/protocol/chibios/usb_report_handling.o
                0x10003d7c                usb_shared_set_idle_rate
 .text.usb_shared_get_idle_rate
                0x10003da0       0x18 .build/obj_selpad_fig5/protocol/chibios/usb_report_handling.o
                0x10003da0                usb_shared_get_idle_rate
 .text.usb_shared_idle_timer_elapsed
                0x10003db8       0x58 .build/obj_selpad_fig5/protocol/chibios/usb_report_handling.o
                0x10003db8                usb_shared_idle_timer_elapsed
 .text.usb_idle_task
                0x10003e10       0xec .build/obj_selpad_fig5/protocol/chibios/usb_report_handling.o
                0x10003e10                usb_idle_task
 .text.usb_get_idle_cb
                0x10003efc       0x5c .build/obj_selpad_fig5/protocol/chibios/usb_report_handling.o
                0x10003efc                usb_get_idle_cb
 .text.usb_set_idle_cb
                0x10003f58       0x54 .build/obj_selpad_fig5/protocol/chibios/usb_report_handling.o
                0x10003f58                usb_set_idle_cb
 .text.__cpu_init
                0x10003fac        0x2 .build/obj_selpad_fig5/lib/chibios/os/common/startup/ARMCMx/compilers/GCC/crt1.o
                0x10003fac                __cpu_init
 .text.__default_exit
                0x10003fae        0x2 .build/obj_selpad_fig5/lib/chibios/os/common/startup/ARMCMx/compilers/GCC/crt1.o
                0x10003fae                __default_exit
 .text.__init_ram_areas
                0x10003fb0       0x44 .build/obj_selpad_fig5/lib/chibios/os/common/startup/ARMCMx/compilers/GCC/crt1.o
                0x10003fb0                __init_ram_areas
 .text.chSysInit
                0x10003ff4       0x40 .build/obj_selpad_fig5/lib/chibios/os/rt/src/chsys.o
                0x10003ff4                chSysInit
 .text.chSysHalt
                0x10004034       0x24 .build/obj_selpad_fig5/lib/chibios/os/rt/src/chsys.o
                0x10004034                chSysHalt
 .text.chSysTimerHandlerI
                0x10004058        0x8 .build/obj_selpad_fig5/lib/chibios/os/rt/src/chsys.o
                0x10004058                chSysTimerHandlerI
 .text.chSysGetStatusAndLockX
                0x10004060       0x32 .build/obj_selpad_fig5/lib/chibios/os/rt/src/chsys.o
                0x10004060                chSysGetStatusAndLockX
 .text.chSysRestoreStatusX
                0x10004092       0x28 .build/obj_selpad_fig5/lib/chibios/os/rt/src/chsys.o
                0x10004092                chSysRestoreStatusX
 *fill*         0x100040ba        0x2 
 .text.chSysPolledDelayX
                0x100040bc       0x14 .build/obj_selpad_fig5/lib/chibios/os/rt/src/chsys.o
                0x100040bc                chSysPolledDelayX
 .text.chRFCUCollectFaultsI
                0x100040d0       0x10 .build/obj_selpad_fig5/lib/chibios/os/rt/src/chrfcu.o
                0x100040d0                chRFCUCollectFaultsI
 .text.ch_dlist_insert
                0x100040e0       0x2a .build/obj_selpad_fig5/lib/chibios/os/rt/src/chvt.o
 *fill*         0x1000410a        0x2 
 .text.vt_insert_first
                0x1000410c       0x6c .build/obj_selpad_fig5/lib/chibios/os/rt/src/chvt.o
 .text.vt_set_alarm
                0x10004178       0x48 .build/obj_selpad_fig5/lib/chibios/os/rt/src/chvt.o
 .text.vt_enqueue
                0x100041c0       0x44 .build/obj_selpad_fig5/lib/chibios/os/rt/src/chvt.o
 .text.chVTDoSetI
                0x10004204       0x2c .build/obj_selpad_fig5/lib/chibios/os/rt/src/chvt.o
                0x10004204                chVTDoSetI
 .text.chVTDoResetI
                0x10004230       0x7c .build/obj_selpad_fig5/lib/chibios/os/rt/src/chvt.o
                0x10004230                chVTDoResetI
 .text.chVTDoTickI
                0x100042ac       0xe4 .build/obj_selpad_fig5/lib/chibios/os/rt/src/chvt.o
                0x100042ac                chVTDoTickI
 .text.__sch_ready_behind
                0x10004390       0x1c .build/obj_selpad_fig5/lib/chibios/os/rt/src/chschd.o
 .text.__sch_ready_ahead
                0x100043ac       0x1c .build/obj_selpad_fig5/lib/chibios/os/rt/src/chschd.o
 .text.__sch_wakeup
                0x100043c8       0x62 .build/obj_selpad_fig5/lib/chibios/os/rt/src/chschd.o
 *fill*         0x1000442a        0x2 
 .text.chSchReadyI
                0x1000442c       0x2c .build/obj_selpad_fig5/lib/chibios/os/rt/src/chschd.o
                0x1000442c                chSchReadyI
 .text.chSchGoSleepS
                0x10004458       0x2c .build/obj_selpad_fig5/lib/chibios/os/rt/src/chschd.o
                0x10004458                chSchGoSleepS
 .text.chSchGoSleepTimeoutS
                0x10004484       0x4c .build/obj_selpad_fig5/lib/chibios/os/rt/src/chschd.o
                0x10004484                chSchGoSleepTimeoutS
 .text.chSchIsPreemptionRequired
                0x100044d0       0x24 .build/obj_selpad_fig5/lib/chibios/os/rt/src/chschd.o
                0x100044d0                chSchIsPreemptionRequired
 .text.chSchDoPreemption
                0x100044f4       0x34 .build/obj_selpad_fig5/lib/chibios/os/rt/src/chschd.o
                0x100044f4                chSchDoPreemption
 .text.chSchRescheduleS
                0x10004528       0x28 .build/obj_selpad_fig5/lib/chibios/os/rt/src/chschd.o
                0x10004528                chSchRescheduleS
 .text.__idle_thread
                0x10004550        0x4 .build/obj_selpad_fig5/lib/chibios/os/rt/src/chinstances.o
 .text.chInstanceObjectInit
                0x10004554       0x90 .build/obj_selpad_fig5/lib/chibios/os/rt/src/chinstances.o
                0x10004554                chInstanceObjectInit
 .text.port_lock
                0x100045e4       0x16 .build/obj_selpad_fig5/lib/chibios/os/rt/src/chthreads.o
 .text.port_unlock
                0x100045fa       0x12 .build/obj_selpad_fig5/lib/chibios/os/rt/src/chthreads.o
 .text.chThdGetSelfX
                0x1000460c       0x18 .build/obj_selpad_fig5/lib/chibios/os/rt/src/chthreads.o
 .text.__thd_object_init
                0x10004624       0x14 .build/obj_selpad_fig5/lib/chibios/os/rt/src/chthreads.o
                0x10004624                __thd_object_init
 .text.chThdCreateSuspendedI
                0x10004638       0x4c .build/obj_selpad_fig5/lib/chibios/os/rt/src/chthreads.o
                0x10004638                chThdCreateSuspendedI
 .text.chThdCreateI
                0x10004684        0xc .build/obj_selpad_fig5/lib/chibios/os/rt/src/chthreads.o
                0x10004684                chThdCreateI
 .text.chThdExitS
                0x10004690       0x12 .build/obj_selpad_fig5/lib/chibios/os/rt/src/chthreads.o
                0x10004690                chThdExitS
 .text.chThdExit
                0x100046a2       0x10 .build/obj_selpad_fig5/lib/chibios/os/rt/src/chthreads.o
                0x100046a2                chThdExit
 .text.chThdSleep
                0x100046b2       0x16 .build/obj_selpad_fig5/lib/chibios/os/rt/src/chthreads.o
                0x100046b2                chThdSleep
 .text.chThdResumeI
                0x100046c8       0x16 .build/obj_selpad_fig5/lib/chibios/os/rt/src/chthreads.o
                0x100046c8                chThdResumeI
 .text.chThdEnqueueTimeoutS
                0x100046de       0x28 .build/obj_selpad_fig5/lib/chibios/os/rt/src/chthreads.o
                0x100046de                chThdEnqueueTimeoutS
 .text.chThdDequeueNextI
                0x10004706       0x18 .build/obj_selpad_fig5/lib/chibios/os/rt/src/chthreads.o
                0x10004706                chThdDequeueNextI
 .text.chThdDequeueAllI
                0x1000471e       0x1c .build/obj_selpad_fig5/lib/chibios/os/rt/src/chthreads.o
                0x1000471e                chThdDequeueAllI
 *fill*         0x1000473a        0x2 
 .text.port_local_halt
                0x1000473c       0x20 .build/obj_selpad_fig5/lib/chibios/os/common/ports/ARMv6-M-RP2/chcore.o
                0x1000473c                port_local_halt
 .text.NMI_Handler
                0x1000475c       0x1c .build/obj_selpad_fig5/lib/chibios/os/common/ports/ARMv6-M-RP2/chcore.o
                0x1000475c                NMI_Handler
 .text.port_init
                0x10004778       0x58 .build/obj_selpad_fig5/lib/chibios/os/common/ports/ARMv6-M-RP2/chcore.o
                0x10004778                port_init
 .text.__port_irq_epilogue
                0x100047d0       0x44 .build/obj_selpad_fig5/lib/chibios/os/common/ports/ARMv6-M-RP2/chcore.o
                0x100047d0                __port_irq_epilogue
 .text.Vector7C
                0x10004814       0x20 .build/obj_selpad_fig5/lib/chibios/os/common/ports/ARMv6-M-RP2/chcore.o
                0x10004814                Vector7C
 .text.Vector80
                0x10004834       0x26 .build/obj_selpad_fig5/lib/chibios/os/common/ports/ARMv6-M-RP2/chcore.o
                0x10004834                Vector80
 .text.__port_spinlock_release
                0x1000485a       0x10 .build/obj_selpad_fig5/lib/chibios/os/common/ports/ARMv6-M-RP2/chcore.o
                0x1000485a                __port_spinlock_release
 *fill*         0x1000486a        0x2 
 .text.__core_init
                0x1000486c       0x18 .build/obj_selpad_fig5/lib/chibios/os/oslib/src/chmemcore.o
                0x1000486c                __core_init
 .text.halInit  0x10004884       0x18 .build/obj_selpad_fig5/lib/chibios/os/hal/src/hal.o
                0x10004884                halInit
 .text.stInit   0x1000489c       0x18 .build/obj_selpad_fig5/lib/chibios/os/hal/src/hal_st.o
                0x1000489c                stInit
 .text.stGetCounter
                0x100048b4        0xc .build/obj_selpad_fig5/lib/chibios/os/hal/src/hal_st.o
                0x100048b4                stGetCounter
 .text.stBindAlarmN
                0x100048c0        0x8 .build/obj_selpad_fig5/lib/chibios/os/hal/src/hal_st.o
                0x100048c0                stBindAlarmN
 .text.stStartAlarmN
                0x100048c8       0x1c .build/obj_selpad_fig5/lib/chibios/os/hal/src/hal_st.o
                0x100048c8                stStartAlarmN
 .text.stStopAlarmN
                0x100048e4       0x14 .build/obj_selpad_fig5/lib/chibios/os/hal/src/hal_st.o
                0x100048e4                stStopAlarmN
 .text.stSetAlarmN
                0x100048f8       0x10 .build/obj_selpad_fig5/lib/chibios/os/hal/src/hal_st.o
                0x100048f8                stSetAlarmN
 .text.port_lock
                0x10004908       0x16 .build/obj_selpad_fig5/lib/chibios/os/hal/src/hal_buffers.o
 .text.port_unlock
                0x1000491e       0x12 .build/obj_selpad_fig5/lib/chibios/os/hal/src/hal_buffers.o
 .text.obqObjectInit
                0x10004930       0x30 .build/obj_selpad_fig5/lib/chibios/os/hal/src/hal_buffers.o
                0x10004930                obqObjectInit
 .text.obqResetI
                0x10004960       0x1c .build/obj_selpad_fig5/lib/chibios/os/hal/src/hal_buffers.o
                0x10004960                obqResetI
 .text.obqGetFullBufferI
                0x1000497c       0x1c .build/obj_selpad_fig5/lib/chibios/os/hal/src/hal_buffers.o
                0x1000497c                obqGetFullBufferI
 .text.obqReleaseEmptyBufferI
                0x10004998       0x22 .build/obj_selpad_fig5/lib/chibios/os/hal/src/hal_buffers.o
                0x10004998                obqReleaseEmptyBufferI
 .text.obqGetEmptyBufferTimeoutS
                0x100049ba       0x36 .build/obj_selpad_fig5/lib/chibios/os/hal/src/hal_buffers.o
                0x100049ba                obqGetEmptyBufferTimeoutS
 .text.obqPostFullBufferS
                0x100049f0       0x2a .build/obj_selpad_fig5/lib/chibios/os/hal/src/hal_buffers.o
                0x100049f0                obqPostFullBufferS
 .text.obqWriteTimeout
                0x10004a1a       0x82 .build/obj_selpad_fig5/lib/chibios/os/hal/src/hal_buffers.o
                0x10004a1a                obqWriteTimeout
 .text.obqFlush
                0x10004a9c       0x24 .build/obj_selpad_fig5/lib/chibios/os/hal/src/hal_buffers.o
                0x10004a9c                obqFlush
 .text.port_lock
                0x10004ac0       0x16 .build/obj_selpad_fig5/lib/chibios/os/hal/src/hal_usb.o
 .text.port_unlock
                0x10004ad6       0x12 .build/obj_selpad_fig5/lib/chibios/os/hal/src/hal_usb.o
 .text.setup_error
                0x10004ae8       0x3c .build/obj_selpad_fig5/lib/chibios/os/hal/src/hal_usb.o
 .text.set_address
                0x10004b24       0x28 .build/obj_selpad_fig5/lib/chibios/os/hal/src/hal_usb.o
 .text.usbInit  0x10004b4c        0x8 .build/obj_selpad_fig5/lib/chibios/os/hal/src/hal_usb.o
                0x10004b4c                usbInit
 .text.usbObjectInit
                0x10004b54       0x1a .build/obj_selpad_fig5/lib/chibios/os/hal/src/hal_usb.o
                0x10004b54                usbObjectInit
 .text.usbStart
                0x10004b6e       0x2a .build/obj_selpad_fig5/lib/chibios/os/hal/src/hal_usb.o
                0x10004b6e                usbStart
 .text.usbStop  0x10004b98       0x56 .build/obj_selpad_fig5/lib/chibios/os/hal/src/hal_usb.o
                0x10004b98                usbStop
 .text.usbInitEndpointI
                0x10004bee       0x36 .build/obj_selpad_fig5/lib/chibios/os/hal/src/hal_usb.o
                0x10004bee                usbInitEndpointI
 .text.usbDisableEndpointsI
                0x10004c24       0x50 .build/obj_selpad_fig5/lib/chibios/os/hal/src/hal_usb.o
                0x10004c24                usbDisableEndpointsI
 .text.usbStartReceiveI
                0x10004c74       0x26 .build/obj_selpad_fig5/lib/chibios/os/hal/src/hal_usb.o
                0x10004c74                usbStartReceiveI
 .text.usbStartTransmitI
                0x10004c9a       0x26 .build/obj_selpad_fig5/lib/chibios/os/hal/src/hal_usb.o
                0x10004c9a                usbStartTransmitI
 .text.usbWakeupHost
                0x10004cc0       0x2c .build/obj_selpad_fig5/lib/chibios/os/hal/src/hal_usb.o
                0x10004cc0                usbWakeupHost
 .text._usb_reset
                0x10004cec       0x74 .build/obj_selpad_fig5/lib/chibios/os/hal/src/hal_usb.o
                0x10004cec                _usb_reset
 .text._usb_suspend
                0x10004d60       0x64 .build/obj_selpad_fig5/lib/chibios/os/hal/src/hal_usb.o
                0x10004d60                _usb_suspend
 .text._usb_wakeup
                0x10004dc4       0x1c .build/obj_selpad_fig5/lib/chibios/os/hal/src/hal_usb.o
                0x10004dc4                _usb_wakeup
 .text._usb_ep0setup
                0x10004de0      0x304 .build/obj_selpad_fig5/lib/chibios/os/hal/src/hal_usb.o
                0x10004de0                _usb_ep0setup
 .text._usb_ep0in
                0x100050e4       0xa0 .build/obj_selpad_fig5/lib/chibios/os/hal/src/hal_usb.o
                0x100050e4                _usb_ep0in
 .text._usb_ep0out
                0x10005184       0x74 .build/obj_selpad_fig5/lib/chibios/os/hal/src/hal_usb.o
                0x10005184                _usb_ep0out
 .text.nvicEnableVector
                0x100051f8       0x40 .build/obj_selpad_fig5/lib/chibios/os/hal/ports/common/ARMCMx/nvic.o
                0x100051f8                nvicEnableVector
 .text.nvicDisableVector
                0x10005238       0x44 .build/obj_selpad_fig5/lib/chibios/os/hal/ports/common/ARMCMx/nvic.o
                0x10005238                nvicDisableVector
 .text.irqInit  0x1000527c        0x2 .build/obj_selpad_fig5/lib/chibios/os/hal/ports/RP/RP2040/rp_isr.o
                0x1000527c                irqInit
 *fill*         0x1000527e        0x2 
 .text.hal_lld_peripheral_unreset
                0x10005280       0x14 .build/obj_selpad_fig5/lib/chibios/os/hal/ports/RP/RP2040/hal_lld.o
 .text.hal_lld_init
                0x10005294       0x30 .build/obj_selpad_fig5/lib/chibios/os/hal/ports/RP/RP2040/hal_lld.o
                0x10005294                hal_lld_init
 .text.__pal_lld_init
                0x100052c4       0x2c .build/obj_selpad_fig5/lib/chibios/os/hal/ports/RP/LLD/GPIOv1/hal_pal_lld.o
                0x100052c4                __pal_lld_init
 .text.Vector40
                0x100052f0       0x38 .build/obj_selpad_fig5/lib/chibios/os/hal/ports/RP/LLD/TIMERv1/hal_st_lld.o
                0x100052f0                Vector40